******************************************************************************
            TI ARM Clang Linker PC v3.2.2                      
******************************************************************************
>> Linked Mon Dec  9 15:30:48 2024

OUTPUT FILE NAME:   <adc_motor_test.out>
ENTRY POINT SYMBOL: "_c_int00_noargs"  address: 00001ac9


MEMORY CONFIGURATION

         name            origin    length      used     unused   attr    fill
----------------------  --------  ---------  --------  --------  ----  --------
  FLASH                 00000000   00020000  00001e78  0001e188  R  X
  SRAM                  20200000   00008000  00000a0c  000075f4  RW X
  BCR_CONFIG            41c00000   00000080  00000000  00000080  R   
  BSL_CONFIG            41c00100   00000080  00000000  00000080  R   


SEGMENT ALLOCATION MAP

run origin  load origin   length   init length attrs members
----------  ----------- ---------- ----------- ----- -------
00000000    00000000    00001e78   00001e78    r-x
  00000000    00000000    000000c0   000000c0    r-- .intvecs
  000000c0    000000c0    00001bf8   00001bf8    r-x .text
  00001cb8    00001cb8    00000190   00000190    r-- .rodata
  00001e48    00001e48    00000030   00000030    r-- .cinit
20200000    20200000    0000080c   00000000    rw-
  20200000    20200000    00000800   00000000    rw- .sysmem
  20200800    20200800    0000000a   00000000    rw- .data
  2020080a    2020080a    00000002   00000000    rw- .bss
20207e00    20207e00    00000200   00000000    rw-
  20207e00    20207e00    00000200   00000000    rw- .stack


SECTION ALLOCATION MAP

 output                                  attributes/
section   page    origin      length       input sections
--------  ----  ----------  ----------   ----------------
.intvecs   0    00000000    000000c0     
                  00000000    000000c0     startup_mspm0g3507_ticlang.o (.intvecs)

.text      0    000000c0    00001bf8     
                  000000c0    00000280     main.o (.text.main)
                  00000340    00000192     libclang_rt.builtins.a : adddf3.S.obj (.text.adddf3_subdf3)
                  000004d2    00000002                            : aeabi_div0.c.obj (.text.__aeabi_idiv0)
                  000004d4    00000168     clock.o (.text.clock_init_40mhz)
                  0000063c    0000010c     libclang_rt.builtins.a : divdf3.S.obj (.text.__divdf3)
                  00000748    000000e4                            : muldf3.S.obj (.text.__muldf3)
                  0000082c    000000d4     adc.o (.text.ADC0_init)
                  00000900    000000d4     main.o (.text.ADC1_init)
                  000009d4    000000d4     uart.o (.text.UART_init)
                  00000aa8    000000d0     LaunchPad.o (.text.leds_off)
                  00000b78    000000c4     lcd1602.o (.text.lcd1602_init)
                  00000c3c    000000c0     lcd1602.o (.text.lcd1602_write)
                  00000cfc    000000bc     LaunchPad.o (.text.I2C_init)
                  00000db8    000000b4     LaunchPad.o (.text.dipsw_read)
                  00000e6c    000000b4     LaunchPad.o (.text.led_off)
                  00000f20    000000b4     LaunchPad.o (.text.led_on)
                  00000fd4    000000b0     LaunchPad.o (.text.motor0_pwm_init)
                  00001084    000000b0     main.o (.text.motor1_pwm_init)
                  00001134    000000ac     LaunchPad.o (.text.led_init)
                  000011e0    00000094     LaunchPad.o (.text.I2C_send1)
                  00001274    00000084     main.o (.text.__NVIC_SetPriority)
                  000012f8    0000007c     lcd1602.o (.text.doublebyte_to_ascii)
                  00001374    00000078     libc.a : copy_decompress_lzss.c.obj (.text:decompress:lzss)
                  000013ec    00000070     main.o (.text.display_main_menu)
                  0000145c    00000070     lcd1602.o (.text.quadbyte_to_ascii)
                  000014cc    00000068     adc.o (.text.ADC0_in)
                  00001534    00000068     main.o (.text.ADC1_in)
                  0000159c    0000005c     LaunchPad.o (.text.I2C_fill_tx_fifo)
                  000015f8    00000054     main.o (.text.GROUP1_IRQHandler)
                  0000164c    00000054     main.o (.text.OPA0_init)
                  000016a0    0000004c     LaunchPad.o (.text.dipsw_init)
                  000016ec    0000004a     libclang_rt.builtins.a : fixdfsi.S.obj (.text.__fixdfsi)
                  00001736    00000002     --HOLE-- [fill = 0]
                  00001738    00000048     main.o (.text.SysTick_Handler)
                  00001780    00000042     libclang_rt.builtins.a : fixunsdfsi.S.obj (.text.__fixunsdfsi)
                  000017c2    00000002     --HOLE-- [fill = 0]
                  000017c4    00000040                            : aeabi_uidivmod.S.obj (.text.__aeabi_uidivmod)
                  00001804    0000003c     libc.a : autoinit.c.obj (.text:__TI_auto_init_nobinit_nopinit)
                  00001840    0000003a     libclang_rt.builtins.a : muldsi3.S.obj (.text.__muldsi3)
                  0000187a    00000002     --HOLE-- [fill = 0]
                  0000187c    00000038     LaunchPad.o (.text.launchpad_gpio_init)
                  000018b4    00000034     main.o (.text.config_pb2_interrupt)
                  000018e8    00000034     LaunchPad.o (.text.motor0_init)
                  0000191c    00000034     clock.o (.text.msec_delay)
                  00001950    00000034     clock.o (.text.sys_tick_init)
                  00001984    00000032     main.o (.text.terminal_string)
                  000019b6    00000002     --HOLE-- [fill = 0]
                  000019b8    00000030     lcd1602.o (.text.lcd_write_quadbyte)
                  000019e8    00000030     LaunchPad.o (.text.motor0_set_pwm_dc)
                  00001a18    0000002c     uart.o (.text.UART_out_char)
                  00001a44    0000002c     main.o (.text.__NVIC_EnableIRQ)
                  00001a70    0000002c     libclang_rt.builtins.a : floatsidf.S.obj (.text.__floatsidf)
                  00001a9c    0000002c     lcd1602.o (.text.lcd_write_doublebyte)
                  00001ac8    00000028     libc.a : boot_cortex_m.c.obj (.text:_c_int00_noargs)
                  00001af0    00000024     libclang_rt.builtins.a : floatunsidf.S.obj (.text.__floatunsidf)
                  00001b14    00000024     lcd1602.o (.text.lcd_write_string)
                  00001b38    00000020     uart.o (.text.UART_in_char)
                  00001b58    00000020     lcd1602.o (.text.lcd_set_ddram_addr)
                  00001b78    00000020     lcd1602.o (.text.lcd_set_display_on)
                  00001b98    0000001c     clock.o (.text.sys_tick_disable)
                  00001bb4    00000018     lcd1602.o (.text.lcd_write_char)
                  00001bcc    00000018     LaunchPad.o (.text.led_enable)
                  00001be4    00000018     main.o (.text.motor1_init)
                  00001bfc    00000016     libc.a : copy_zero_init.c.obj (.text:decompress:ZI:__TI_zero_init_nomemset)
                  00001c12    00000002     --HOLE-- [fill = 0]
                  00001c14    00000014     main.o (.text.motor1_set_pwm_count)
                  00001c28    00000012     libc.a : memcpy16.S.obj (.text:TI_memcpy_small)
                  00001c3a    00000012            : copy_decompress_none.c.obj (.text:decompress:none)
                  00001c4c    00000010     clock.o (.text.clock_delay)
                  00001c5c    00000010     LaunchPad.o (.text.motor0_pwm_enable)
                  00001c6c    00000010     main.o (.text.motor1_pwm_enable)
                  00001c7c    0000000e     lcd1602.o (.text.lcd_clear)
                  00001c8a    00000002     --HOLE-- [fill = 0]
                  00001c8c    0000000c     clock.o (.text.get_bus_clock_freq)
                  00001c98    00000008     libclang_rt.builtins.a : aeabi_memcpy.S.obj (.text.__aeabi_memcpy)
                  00001ca0    00000004     startup_mspm0g3507_ticlang.o (.text.Default_Handler)
                  00001ca4    00000004     startup_mspm0g3507_ticlang.o (.text.HardFault_Handler)
                  00001ca8    00000004     startup_mspm0g3507_ticlang.o (.text.Reset_Handler)
                  00001cac    00000004     libc.a : pre_init.c.obj (.text._system_pre_init)
                  00001cb0    00000004            : exit.c.obj (.text:abort)
                  00001cb4    00000004     --HOLE-- [fill = 0]

.cinit     0    00001e48    00000030     
                  00001e48    0000000c     (.cinit..data.load) [load image, compression = lzss]
                  00001e54    0000000c     (__TI_handler_table)
                  00001e60    00000008     (.cinit..bss.load) [load image, compression = zero_init]
                  00001e68    00000010     (__TI_cinit_table)

.rodata    0    00001cb8    00000190     
                  00001cb8    00000060     LaunchPad.o (.rodata.led_config_data)
                  00001d18    0000003c     LaunchPad.o (.rodata.enable_controls)
                  00001d54    00000030     LaunchPad.o (.rodata.dip_switch_config_data)
                  00001d84    0000002e     main.o (.rodata.str1.55841430354152434161)
                  00001db2    00000002     --HOLE-- [fill = 0]
                  00001db4    00000018     LaunchPad.o (.rodata.iic_config_data)
                  00001dcc    00000018     main.o (.rodata.str1.79551435545072341851)
                  00001de4    00000017     main.o (.rodata.str1.88864587114646350841)
                  00001dfb    00000016     main.o (.rodata.str1.66840473539710954921)
                  00001e11    00000015     main.o (.rodata.str1.17141933821247617371)
                  00001e26    00000012     main.o (.rodata.str1.171135724027876188451)
                  00001e38    00000003     main.o (.rodata.str1.176328792963337784071)
                  00001e3b    00000003     main.o (.rodata.str1.42969106790848045441)
                  00001e3e    00000003     main.o (.rodata.str1.52501554851255701521)
                  00001e41    00000003     main.o (.rodata.str1.97993385775340092391)
                  00001e44    00000004     --HOLE-- [fill = 0]

.init_array 
*          0    00000000    00000000     UNINITIALIZED

.binit     0    00000000    00000000     

.sysmem    0    20200000    00000800     UNINITIALIZED
                  20200000    00000010     libc.a : memory.c.obj (.sysmem)
                  20200010    000007f0     --HOLE--

.data      0    20200800    0000000a     UNINITIALIZED
                  20200800    00000004     main.o (.data.g_Odometer)
                  20200804    00000004     clock.o (.data.g_bus_clock_freq)
                  20200808    00000001     lcd1602.o (.data.g_lcd_backlight_mode)
                  20200809    00000001     main.o (.data.g_pb2_pressed)

.bss       0    2020080a    00000002     UNINITIALIZED
                  2020080a    00000002     (.common:g_motor_speed)

.stack     0    20207e00    00000200     UNINITIALIZED
                  20207e00    00000004     libc.a : boot_cortex_m.c.obj (.stack)
                  20207e04    000001fc     --HOLE--

__llvm_prf_cnts 
*          0    20200000    00000000     UNINITIALIZED

__llvm_prf_bits 
*          0    20200000    00000000     UNINITIALIZED

MODULE SUMMARY

       Module                         code   ro data   rw data
       ------                         ----   -------   -------
    .\
       LaunchPad.o                    1796   228       0      
       main.o                         1822   166       7      
       lcd1602.o                      854    0         1      
       clock.o                        520    0         4      
       adc.o                          316    0         0      
       uart.o                         288    0         0      
    +--+------------------------------+------+---------+---------+
       Total:                         5596   394       12     
                                                              
    .\ticlang\
       startup_mspm0g3507_ticlang.o   12     192       0      
    +--+------------------------------+------+---------+---------+
       Total:                         12     192       0      
                                                              
    C:\ti\ccstheia140\ccs\tools\compiler\ti-cgt-armllvm_3.2.2.LTS\lib\armv6m-ti-none-eabi/c/libc.a
       copy_decompress_lzss.c.obj     120    0         0      
       autoinit.c.obj                 60     0         0      
       boot_cortex_m.c.obj            40     0         0      
       copy_zero_init.c.obj           22     0         0      
       copy_decompress_none.c.obj     18     0         0      
       memcpy16.S.obj                 18     0         0      
       exit.c.obj                     4      0         0      
       pre_init.c.obj                 4      0         0      
    +--+------------------------------+------+---------+---------+
       Total:                         286    0         0      
                                                              
    C:\ti\ccstheia140\ccs\tools\compiler\ti-cgt-armllvm_3.2.2.LTS\lib\clang/15.0.7/lib/armv6m-ti-none-eabi/libclang_rt.builtins.a
       adddf3.S.obj                   402    0         0      
       divdf3.S.obj                   268    0         0      
       muldf3.S.obj                   228    0         0      
       fixdfsi.S.obj                  74     0         0      
       fixunsdfsi.S.obj               66     0         0      
       aeabi_uidivmod.S.obj           64     0         0      
       muldsi3.S.obj                  58     0         0      
       floatsidf.S.obj                44     0         0      
       floatunsidf.S.obj              36     0         0      
       aeabi_memcpy.S.obj             8      0         0      
       aeabi_div0.c.obj               2      0         0      
    +--+------------------------------+------+---------+---------+
       Total:                         1250   0         0      
                                                              
       Heap:                          0      0         2048   
       Stack:                         0      0         512    
       Linker Generated:              0      48        0      
    +--+------------------------------+------+---------+---------+
       Grand Total:                   7144   634       2572   


LINKER GENERATED COPY TABLES

__TI_cinit_table @ 00001e68 records: 2, size/record: 8, table size: 16
	.data: load addr=00001e48, load size=0000000c bytes, run addr=20200800, run size=0000000a bytes, compression=lzss
	.bss: load addr=00001e60, load size=00000008 bytes, run addr=2020080a, run size=00000002 bytes, compression=zero_init


LINKER GENERATED HANDLER TABLE

__TI_handler_table @ 00001e54 records: 3, size/record: 4, table size: 12
	index: 0, handler: __TI_decompress_lzss
	index: 1, handler: __TI_decompress_none
	index: 2, handler: __TI_zero_init


GLOBAL SYMBOLS: SORTED ALPHABETICALLY BY Name 

address   name                          
-------   ----                          
00001ca1  ADC0_IRQHandler               
000014cd  ADC0_in                       
0000082d  ADC0_init                     
00001ca1  ADC1_IRQHandler               
00001535  ADC1_in                       
00000901  ADC1_init                     
00001ca1  AES_IRQHandler                
00001cb0  C$$EXIT                       
00001ca1  CANFD0_IRQHandler             
00001ca1  DAC0_IRQHandler               
00001ca1  DMA_IRQHandler                
00001ca1  Default_Handler               
00001ca1  GROUP0_IRQHandler             
000015f9  GROUP1_IRQHandler             
00001ca5  HardFault_Handler             
00001ca1  I2C0_IRQHandler               
00001ca1  I2C1_IRQHandler               
00000cfd  I2C_init                      
000011e1  I2C_send1                     
00001ca1  NMI_Handler                   
0000164d  OPA0_init                     
00001ca1  PendSV_Handler                
00001ca1  RTC_IRQHandler                
00001ca9  Reset_Handler                 
00001ca1  SPI0_IRQHandler               
00001ca1  SPI1_IRQHandler               
00001ca1  SVC_Handler                   
00001739  SysTick_Handler               
00001ca1  TIMA0_IRQHandler              
00001ca1  TIMA1_IRQHandler              
00001ca1  TIMG0_IRQHandler              
00001ca1  TIMG12_IRQHandler             
00001ca1  TIMG6_IRQHandler              
00001ca1  TIMG7_IRQHandler              
00001ca1  TIMG8_IRQHandler              
00001c29  TI_memcpy_small               
00001ca1  UART0_IRQHandler              
00001ca1  UART1_IRQHandler              
00001ca1  UART2_IRQHandler              
00001ca1  UART3_IRQHandler              
00001b39  UART_in_char                  
000009d5  UART_init                     
00001a19  UART_out_char                 
20208000  __STACK_END                   
00000200  __STACK_SIZE                  
00000800  __SYSMEM_SIZE                 
00000000  __TI_ATRegion0_region_sz      
00000000  __TI_ATRegion0_src_addr       
00000000  __TI_ATRegion0_trg_addr       
00000000  __TI_ATRegion1_region_sz      
00000000  __TI_ATRegion1_src_addr       
00000000  __TI_ATRegion1_trg_addr       
00000000  __TI_ATRegion2_region_sz      
00000000  __TI_ATRegion2_src_addr       
00000000  __TI_ATRegion2_trg_addr       
00001e68  __TI_CINIT_Base               
00001e78  __TI_CINIT_Limit              
00001e78  __TI_CINIT_Warm               
00001e54  __TI_Handler_Table_Base       
00001e60  __TI_Handler_Table_Limit      
00001805  __TI_auto_init_nobinit_nopinit
00001375  __TI_decompress_lzss          
00001c3b  __TI_decompress_none          
ffffffff  __TI_pprof_out_hndl           
ffffffff  __TI_prof_data_size           
ffffffff  __TI_prof_data_start          
00000000  __TI_static_base__            
00001bfd  __TI_zero_init_nomemset       
0000034b  __adddf3                      
000016ed  __aeabi_d2iz                  
00001781  __aeabi_d2uiz                 
0000034b  __aeabi_dadd                  
0000063d  __aeabi_ddiv                  
00000749  __aeabi_dmul                  
00000341  __aeabi_dsub                  
00001a71  __aeabi_i2d                   
000004d3  __aeabi_idiv0                 
00001c99  __aeabi_memcpy                
00001c99  __aeabi_memcpy4               
00001c99  __aeabi_memcpy8               
00001af1  __aeabi_ui2d                  
000017c5  __aeabi_uidiv                 
000017c5  __aeabi_uidivmod              
ffffffff  __binit__                     
0000063d  __divdf3                      
000016ed  __fixdfsi                     
00001781  __fixunsdfsi                  
00001a71  __floatsidf                   
00001af1  __floatunsidf                 
UNDEFED   __mpu_init                    
00000749  __muldf3                      
00001841  __muldsi3                     
20207e00  __stack                       
20200000  __start___llvm_prf_bits       
20200000  __start___llvm_prf_cnts       
20200000  __stop___llvm_prf_bits        
20200000  __stop___llvm_prf_cnts        
00000341  __subdf3                      
00001ac9  _c_int00_noargs               
20200000  _sys_memory                   
UNDEFED   _system_post_cinit            
00001cad  _system_pre_init              
00001cb1  abort                         
ffffffff  binit                         
00001c4d  clock_delay                   
000004d5  clock_init_40mhz              
000018b5  config_pb2_interrupt          
00001d54  dip_switch_config_data        
000016a1  dipsw_init                    
00000db9  dipsw_read                    
000013ed  display_main_menu             
000012f9  doublebyte_to_ascii           
00001d18  enable_controls               
20200800  g_Odometer                    
20200804  g_bus_clock_freq              
2020080a  g_motor_speed                 
20200809  g_pb2_pressed                 
00001c8d  get_bus_clock_freq            
00001db4  iic_config_data               
00000000  interruptVectors              
0000187d  launchpad_gpio_init           
00000b79  lcd1602_init                  
00000c3d  lcd1602_write                 
00001c7d  lcd_clear                     
00001b59  lcd_set_ddram_addr            
00001b79  lcd_set_display_on            
00001bb5  lcd_write_char                
00001a9d  lcd_write_doublebyte          
000019b9  lcd_write_quadbyte            
00001b15  lcd_write_string              
00001cb8  led_config_data               
00001bcd  led_enable                    
00001135  led_init                      
00000e6d  led_off                       
00000f21  led_on                        
00000aa9  leds_off                      
000000c1  main                          
000018e9  motor0_init                   
00001c5d  motor0_pwm_enable             
00000fd5  motor0_pwm_init               
000019e9  motor0_set_pwm_dc             
00001be5  motor1_init                   
00001c6d  motor1_pwm_enable             
00001085  motor1_pwm_init               
00001c15  motor1_set_pwm_count          
0000191d  msec_delay                    
0000145d  quadbyte_to_ascii             
00001b99  sys_tick_disable              
00001951  sys_tick_init                 
00001985  terminal_string               


GLOBAL SYMBOLS: SORTED BY Symbol Address 

address   name                          
-------   ----                          
00000000  __TI_ATRegion0_region_sz      
00000000  __TI_ATRegion0_src_addr       
00000000  __TI_ATRegion0_trg_addr       
00000000  __TI_ATRegion1_region_sz      
00000000  __TI_ATRegion1_src_addr       
00000000  __TI_ATRegion1_trg_addr       
00000000  __TI_ATRegion2_region_sz      
00000000  __TI_ATRegion2_src_addr       
00000000  __TI_ATRegion2_trg_addr       
00000000  __TI_static_base__            
00000000  interruptVectors              
000000c1  main                          
00000200  __STACK_SIZE                  
00000341  __aeabi_dsub                  
00000341  __subdf3                      
0000034b  __adddf3                      
0000034b  __aeabi_dadd                  
000004d3  __aeabi_idiv0                 
000004d5  clock_init_40mhz              
0000063d  __aeabi_ddiv                  
0000063d  __divdf3                      
00000749  __aeabi_dmul                  
00000749  __muldf3                      
00000800  __SYSMEM_SIZE                 
0000082d  ADC0_init                     
00000901  ADC1_init                     
000009d5  UART_init                     
00000aa9  leds_off                      
00000b79  lcd1602_init                  
00000c3d  lcd1602_write                 
00000cfd  I2C_init                      
00000db9  dipsw_read                    
00000e6d  led_off                       
00000f21  led_on                        
00000fd5  motor0_pwm_init               
00001085  motor1_pwm_init               
00001135  led_init                      
000011e1  I2C_send1                     
000012f9  doublebyte_to_ascii           
00001375  __TI_decompress_lzss          
000013ed  display_main_menu             
0000145d  quadbyte_to_ascii             
000014cd  ADC0_in                       
00001535  ADC1_in                       
000015f9  GROUP1_IRQHandler             
0000164d  OPA0_init                     
000016a1  dipsw_init                    
000016ed  __aeabi_d2iz                  
000016ed  __fixdfsi                     
00001739  SysTick_Handler               
00001781  __aeabi_d2uiz                 
00001781  __fixunsdfsi                  
000017c5  __aeabi_uidiv                 
000017c5  __aeabi_uidivmod              
00001805  __TI_auto_init_nobinit_nopinit
00001841  __muldsi3                     
0000187d  launchpad_gpio_init           
000018b5  config_pb2_interrupt          
000018e9  motor0_init                   
0000191d  msec_delay                    
00001951  sys_tick_init                 
00001985  terminal_string               
000019b9  lcd_write_quadbyte            
000019e9  motor0_set_pwm_dc             
00001a19  UART_out_char                 
00001a71  __aeabi_i2d                   
00001a71  __floatsidf                   
00001a9d  lcd_write_doublebyte          
00001ac9  _c_int00_noargs               
00001af1  __aeabi_ui2d                  
00001af1  __floatunsidf                 
00001b15  lcd_write_string              
00001b39  UART_in_char                  
00001b59  lcd_set_ddram_addr            
00001b79  lcd_set_display_on            
00001b99  sys_tick_disable              
00001bb5  lcd_write_char                
00001bcd  led_enable                    
00001be5  motor1_init                   
00001bfd  __TI_zero_init_nomemset       
00001c15  motor1_set_pwm_count          
00001c29  TI_memcpy_small               
00001c3b  __TI_decompress_none          
00001c4d  clock_delay                   
00001c5d  motor0_pwm_enable             
00001c6d  motor1_pwm_enable             
00001c7d  lcd_clear                     
00001c8d  get_bus_clock_freq            
00001c99  __aeabi_memcpy                
00001c99  __aeabi_memcpy4               
00001c99  __aeabi_memcpy8               
00001ca1  ADC0_IRQHandler               
00001ca1  ADC1_IRQHandler               
00001ca1  AES_IRQHandler                
00001ca1  CANFD0_IRQHandler             
00001ca1  DAC0_IRQHandler               
00001ca1  DMA_IRQHandler                
00001ca1  Default_Handler               
00001ca1  GROUP0_IRQHandler             
00001ca1  I2C0_IRQHandler               
00001ca1  I2C1_IRQHandler               
00001ca1  NMI_Handler                   
00001ca1  PendSV_Handler                
00001ca1  RTC_IRQHandler                
00001ca1  SPI0_IRQHandler               
00001ca1  SPI1_IRQHandler               
00001ca1  SVC_Handler                   
00001ca1  TIMA0_IRQHandler              
00001ca1  TIMA1_IRQHandler              
00001ca1  TIMG0_IRQHandler              
00001ca1  TIMG12_IRQHandler             
00001ca1  TIMG6_IRQHandler              
00001ca1  TIMG7_IRQHandler              
00001ca1  TIMG8_IRQHandler              
00001ca1  UART0_IRQHandler              
00001ca1  UART1_IRQHandler              
00001ca1  UART2_IRQHandler              
00001ca1  UART3_IRQHandler              
00001ca5  HardFault_Handler             
00001ca9  Reset_Handler                 
00001cad  _system_pre_init              
00001cb0  C$$EXIT                       
00001cb1  abort                         
00001cb8  led_config_data               
00001d18  enable_controls               
00001d54  dip_switch_config_data        
00001db4  iic_config_data               
00001e54  __TI_Handler_Table_Base       
00001e60  __TI_Handler_Table_Limit      
00001e68  __TI_CINIT_Base               
00001e78  __TI_CINIT_Limit              
00001e78  __TI_CINIT_Warm               
20200000  __start___llvm_prf_bits       
20200000  __start___llvm_prf_cnts       
20200000  __stop___llvm_prf_bits        
20200000  __stop___llvm_prf_cnts        
20200000  _sys_memory                   
20200800  g_Odometer                    
20200804  g_bus_clock_freq              
20200809  g_pb2_pressed                 
2020080a  g_motor_speed                 
20207e00  __stack                       
20208000  __STACK_END                   
ffffffff  __TI_pprof_out_hndl           
ffffffff  __TI_prof_data_size           
ffffffff  __TI_prof_data_start          
ffffffff  __binit__                     
ffffffff  binit                         
UNDEFED   __mpu_init                    
UNDEFED   _system_post_cinit            

[150 symbols]
