******************************************************************************
            TI ARM Clang Linker PC v3.2.2                      
******************************************************************************
>> Linked Wed Dec 11 00:54:48 2024

OUTPUT FILE NAME:   <lcd_stuff.out>
ENTRY POINT SYMBOL: "_c_int00_noargs"  address: 00002419


MEMORY CONFIGURATION

         name            origin    length      used     unused   attr    fill
----------------------  --------  ---------  --------  --------  ----  --------
  FLASH                 00000000   00020000  00002a30  0001d5d0  R  X
  SRAM                  20200000   00008000  00000a0d  000075f3  RW X
  BCR_CONFIG            41c00000   00000080  00000000  00000080  R   
  BSL_CONFIG            41c00100   00000080  00000000  00000080  R   


SEGMENT ALLOCATION MAP

run origin  load origin   length   init length attrs members
----------  ----------- ---------- ----------- ----- -------
00000000    00000000    00002a30   00002a30    r-x
  00000000    00000000    000000c0   000000c0    r-- .intvecs
  000000c0    000000c0    00002560   00002560    r-x .text
  00002620    00002620    000003e0   000003e0    r-- .rodata
  00002a00    00002a00    00000030   00000030    r-- .cinit
20200000    20200000    0000080e   00000000    rw-
  20200000    20200000    00000800   00000000    rw- .sysmem
  20200800    20200800    0000000b   00000000    rw- .data
  2020080c    2020080c    00000002   00000000    rw- .bss
20207e00    20207e00    00000200   00000000    rw-
  20207e00    20207e00    00000200   00000000    rw- .stack


SECTION ALLOCATION MAP

 output                                  attributes/
section   page    origin      length       input sections
--------  ----  ----------  ----------   ----------------
.intvecs   0    00000000    000000c0     
                  00000000    000000c0     startup_mspm0g3507_ticlang.o (.intvecs)

.text      0    000000c0    00002560     
                  000000c0    000004c4     Car_Simulator.o (.text.main)
                  00000584    000001b0     Car_Simulator.o (.text.radio_menu_selected)
                  00000734    00000192     libclang_rt.builtins.a : adddf3.S.obj (.text.adddf3_subdf3)
                  000008c6    00000002                            : aeabi_div0.c.obj (.text.__aeabi_idiv0)
                  000008c8    00000168     clock.o (.text.clock_init_40mhz)
                  00000a30    00000138     Car_Simulator.o (.text.spotify_menu_selected)
                  00000b68    0000010c     libclang_rt.builtins.a : divdf3.S.obj (.text.__divdf3)
                  00000c74    000000e4                            : muldf3.S.obj (.text.__muldf3)
                  00000d58    000000d4     adc.o (.text.ADC0_init)
                  00000e2c    000000d4     Car_Simulator.o (.text.ADC1_init)
                  00000f00    000000d4     uart.o (.text.UART_init)
                  00000fd4    000000d0     LaunchPad.o (.text.leds_off)
                  000010a4    000000c4     lcd1602.o (.text.lcd1602_init)
                  00001168    000000c0     lcd1602.o (.text.lcd1602_write)
                  00001228    000000c0     Car_Simulator.o (.text.volume_menu_selected)
                  000012e8    000000bc     LaunchPad.o (.text.I2C_init)
                  000013a4    000000b8     Car_Simulator.o (.text.display_volume_menu)
                  0000145c    000000b4     LaunchPad.o (.text.dipsw_read)
                  00001510    000000b4     LaunchPad.o (.text.led_off)
                  000015c4    000000b4     LaunchPad.o (.text.led_on)
                  00001678    000000ac     LaunchPad.o (.text.led_init)
                  00001724    000000ac     LaunchPad.o (.text.motor0_pwm_init)
                  000017d0    000000ac     Car_Simulator.o (.text.motor1_pwm_init)
                  0000187c    000000a8     Car_Simulator.o (.text.display_main_menu)
                  00001924    00000094     LaunchPad.o (.text.I2C_send1)
                  000019b8    00000090     Car_Simulator.o (.text.display_radio_menu)
                  00001a48    0000008c     Car_Simulator.o (.text.GROUP1_IRQHandler)
                  00001ad4    0000008c     LaunchPad.o (.text.is_lpsw_down)
                  00001b60    0000008c     LaunchPad.o (.text.is_lpsw_up)
                  00001bec    00000084     Car_Simulator.o (.text.__NVIC_SetPriority)
                  00001c70    0000007c     lcd1602.o (.text.byte_to_ascii)
                  00001cec    00000078     libc.a : copy_decompress_lzss.c.obj (.text:decompress:lzss)
                  00001d64    00000070     Car_Simulator.o (.text.display_spotify_menu)
                  00001dd4    00000070     lcd1602.o (.text.quadbyte_to_ascii)
                  00001e44    00000068     adc.o (.text.ADC0_in)
                  00001eac    00000068     Car_Simulator.o (.text.ADC1_in)
                  00001f14    0000005c     LaunchPad.o (.text.I2C_fill_tx_fifo)
                  00001f70    00000054     Car_Simulator.o (.text.OPA0_init)
                  00001fc4    0000004c     LaunchPad.o (.text.dipsw_init)
                  00002010    0000004a     libclang_rt.builtins.a : fixdfsi.S.obj (.text.__fixdfsi)
                  0000205a    00000002     --HOLE-- [fill = 0]
                  0000205c    00000048     Car_Simulator.o (.text.SysTick_Handler)
                  000020a4    00000042     libclang_rt.builtins.a : fixunsdfsi.S.obj (.text.__fixunsdfsi)
                  000020e6    00000002     --HOLE-- [fill = 0]
                  000020e8    00000040                            : aeabi_uidivmod.S.obj (.text.__aeabi_uidivmod)
                  00002128    0000003c     libc.a : autoinit.c.obj (.text:__TI_auto_init_nobinit_nopinit)
                  00002164    0000003a     libclang_rt.builtins.a : muldsi3.S.obj (.text.__muldsi3)
                  0000219e    00000002     --HOLE-- [fill = 0]
                  000021a0    00000038     LaunchPad.o (.text.launchpad_gpio_init)
                  000021d8    00000034     Car_Simulator.o (.text.config_pb1_interrupt)
                  0000220c    00000034     Car_Simulator.o (.text.config_pb2_interrupt)
                  00002240    00000034     LaunchPad.o (.text.motor0_init)
                  00002274    00000034     clock.o (.text.msec_delay)
                  000022a8    00000034     clock.o (.text.sys_tick_init)
                  000022dc    00000032     Car_Simulator.o (.text.terminal_string)
                  0000230e    00000002     --HOLE-- [fill = 0]
                  00002310    00000030     lcd1602.o (.text.lcd_write_quadbyte)
                  00002340    0000002c     uart.o (.text.UART_out_char)
                  0000236c    0000002c     Car_Simulator.o (.text.__NVIC_EnableIRQ)
                  00002398    0000002c     libclang_rt.builtins.a : floatsidf.S.obj (.text.__floatsidf)
                  000023c4    0000002c     LaunchPad.o (.text.motor0_set_pwm_dc)
                  000023f0    00000028     lcd1602.o (.text.lcd_write_byte)
                  00002418    00000028     libc.a : boot_cortex_m.c.obj (.text:_c_int00_noargs)
                  00002440    00000024     libclang_rt.builtins.a : floatunsidf.S.obj (.text.__floatunsidf)
                  00002464    00000024     lcd1602.o (.text.lcd_write_string)
                  00002488    00000020     uart.o (.text.UART_in_char)
                  000024a8    00000020     lcd1602.o (.text.lcd_set_ddram_addr)
                  000024c8    00000020     lcd1602.o (.text.lcd_set_display_on)
                  000024e8    0000001c     LaunchPad.o (.text.lpsw_init)
                  00002504    0000001c     clock.o (.text.sys_tick_disable)
                  00002520    00000018     lcd1602.o (.text.lcd_write_char)
                  00002538    00000018     LaunchPad.o (.text.led_enable)
                  00002550    00000018     Car_Simulator.o (.text.motor1_init)
                  00002568    00000016     libc.a : copy_zero_init.c.obj (.text:decompress:ZI:__TI_zero_init_nomemset)
                  0000257e    00000002     --HOLE-- [fill = 0]
                  00002580    00000014     Car_Simulator.o (.text.motor1_set_pwm_count)
                  00002594    00000012     libc.a : memcpy16.S.obj (.text:TI_memcpy_small)
                  000025a6    00000012            : copy_decompress_none.c.obj (.text:decompress:none)
                  000025b8    00000010     clock.o (.text.clock_delay)
                  000025c8    00000010     LaunchPad.o (.text.motor0_pwm_enable)
                  000025d8    00000010     Car_Simulator.o (.text.motor1_pwm_enable)
                  000025e8    0000000e     lcd1602.o (.text.lcd_clear)
                  000025f6    00000002     --HOLE-- [fill = 0]
                  000025f8    0000000c     clock.o (.text.get_bus_clock_freq)
                  00002604    00000008     libclang_rt.builtins.a : aeabi_memcpy.S.obj (.text.__aeabi_memcpy)
                  0000260c    00000004     startup_mspm0g3507_ticlang.o (.text.Default_Handler)
                  00002610    00000004     startup_mspm0g3507_ticlang.o (.text.HardFault_Handler)
                  00002614    00000004     startup_mspm0g3507_ticlang.o (.text.Reset_Handler)
                  00002618    00000004     libc.a : pre_init.c.obj (.text._system_pre_init)
                  0000261c    00000004            : exit.c.obj (.text:abort)

.cinit     0    00002a00    00000030     
                  00002a00    0000000c     (.cinit..data.load) [load image, compression = lzss]
                  00002a0c    0000000c     (__TI_handler_table)
                  00002a18    00000008     (.cinit..bss.load) [load image, compression = zero_init]
                  00002a20    00000010     (__TI_cinit_table)

.rodata    0    00002620    000003e0     
                  00002620    00000060     LaunchPad.o (.rodata.led_config_data)
                  00002680    0000003c     LaunchPad.o (.rodata.enable_controls)
                  000026bc    00000031     Car_Simulator.o (.rodata.str1.7371927735712391571)
                  000026ed    00000003     Car_Simulator.o (.rodata.str1.103485231340704346111)
                  000026f0    00000030     LaunchPad.o (.rodata.dip_switch_config_data)
                  00002720    0000002c     Car_Simulator.o (.rodata.str1.133699423766952384821)
                  0000274c    00000027     Car_Simulator.o (.rodata.str1.125532225461027324391)
                  00002773    00000022     Car_Simulator.o (.rodata.str1.146498291472628415711)
                  00002795    0000001e     Car_Simulator.o (.rodata.str1.53834800595599494961)
                  000027b3    0000001a     Car_Simulator.o (.rodata.str1.132276627498660363871)
                  000027cd    0000001a     Car_Simulator.o (.rodata.str1.182016232660745945051)
                  000027e7    0000001a     Car_Simulator.o (.rodata.str1.39021504651074216261)
                  00002801    0000001a     Car_Simulator.o (.rodata.str1.66681045988108127871)
                  0000281b    00000001     --HOLE-- [fill = 0]
                  0000281c    00000018     LaunchPad.o (.rodata.iic_config_data)
                  00002834    00000018     LaunchPad.o (.rodata.lp_switch_config_data)
                  0000284c    00000018     Car_Simulator.o (.rodata.str1.105786657325536641741)
                  00002864    00000018     Car_Simulator.o (.rodata.str1.126653467750058745071)
                  0000287c    00000018     Car_Simulator.o (.rodata.str1.62732097994877188921)
                  00002894    00000017     Car_Simulator.o (.rodata.str1.5994206880700215471)
                  000028ab    00000016     Car_Simulator.o (.rodata.str1.8399522077372680461)
                  000028c1    00000015     Car_Simulator.o (.rodata.str1.116490434392498332121)
                  000028d6    00000013     Car_Simulator.o (.rodata.str1.167273992060078913961)
                  000028e9    00000013     Car_Simulator.o (.rodata.str1.25781765972122564281)
                  000028fc    00000013     Car_Simulator.o (.rodata.str1.49150865902496095861)
                  0000290f    00000012     Car_Simulator.o (.rodata.str1.16990070377049017341)
                  00002921    00000012     Car_Simulator.o (.rodata.str1.67155964443909517231)
                  00002933    00000011     Car_Simulator.o (.rodata.str1.134622737974984771271)
                  00002944    00000011     Car_Simulator.o (.rodata.str1.139878102568670852721)
                  00002955    00000011     Car_Simulator.o (.rodata.str1.175797118914156737881)
                  00002966    00000011     Car_Simulator.o (.rodata.str1.52179229124169911531)
                  00002977    00000011     Car_Simulator.o (.rodata.str1.86727821086645802101)
                  00002988    00000010     Car_Simulator.o (.rodata.str1.163221681456411762711)
                  00002998    00000010     Car_Simulator.o (.rodata.str1.168076311472727406751)
                  000029a8    00000010     Car_Simulator.o (.rodata.str1.20276106889809965391)
                  000029b8    00000010     Car_Simulator.o (.rodata.str1.48147386520855845551)
                  000029c8    00000010     Car_Simulator.o (.rodata.str1.93987887078253359951)
                  000029d8    0000000e     Car_Simulator.o (.rodata.str1.12159175921030396751)
                  000029e6    0000000c     Car_Simulator.o (.rodata.str1.172073988210372511921)
                  000029f2    00000003     Car_Simulator.o (.rodata.str1.12163994113393595211)
                  000029f5    00000003     Car_Simulator.o (.rodata.str1.182858176799763879041)
                  000029f8    00000003     Car_Simulator.o (.rodata.str1.43510371444801145751)
                  000029fb    00000003     Car_Simulator.o (.rodata.str1.4798745951745243491)
                  000029fe    00000002     --HOLE-- [fill = 0]

.init_array 
*          0    00000000    00000000     UNINITIALIZED

.binit     0    00000000    00000000     

.sysmem    0    20200000    00000800     UNINITIALIZED
                  20200000    00000010     libc.a : memory.c.obj (.sysmem)
                  20200010    000007f0     --HOLE--

.data      0    20200800    0000000b     UNINITIALIZED
                  20200800    00000004     Car_Simulator.o (.data.g_Odometer)
                  20200804    00000004     clock.o (.data.g_bus_clock_freq)
                  20200808    00000001     lcd1602.o (.data.g_lcd_backlight_mode)
                  20200809    00000001     Car_Simulator.o (.data.g_pb1_pressed)
                  2020080a    00000001     Car_Simulator.o (.data.g_pb2_pressed)

.bss       0    2020080c    00000002     UNINITIALIZED
                  2020080c    00000002     (.common:g_motor_speed)

.stack     0    20207e00    00000200     UNINITIALIZED
                  20207e00    00000004     libc.a : boot_cortex_m.c.obj (.stack)
                  20207e04    000001fc     --HOLE--

__llvm_prf_cnts 
*          0    20200000    00000000     UNINITIALIZED

__llvm_prf_bits 
*          0    20200000    00000000     UNINITIALIZED

MODULE SUMMARY

       Module                         code   ro data   rw data
       ------                         ----   -------   -------
    .\
       Car_Simulator.o                3938   737       8      
       LaunchPad.o                    2096   252       0      
       lcd1602.o                      850    0         1      
       clock.o                        520    0         4      
       adc.o                          316    0         0      
       uart.o                         288    0         0      
    +--+------------------------------+------+---------+---------+
       Total:                         8008   989       13     
                                                              
    .\ticlang\
       startup_mspm0g3507_ticlang.o   12     192       0      
    +--+------------------------------+------+---------+---------+
       Total:                         12     192       0      
                                                              
    C:\ti\ccstheia141\ccs\tools\compiler\ti-cgt-armllvm_3.2.2.LTS\lib\armv6m-ti-none-eabi/c/libc.a
       copy_decompress_lzss.c.obj     120    0         0      
       autoinit.c.obj                 60     0         0      
       boot_cortex_m.c.obj            40     0         0      
       copy_zero_init.c.obj           22     0         0      
       copy_decompress_none.c.obj     18     0         0      
       memcpy16.S.obj                 18     0         0      
       exit.c.obj                     4      0         0      
       pre_init.c.obj                 4      0         0      
    +--+------------------------------+------+---------+---------+
       Total:                         286    0         0      
                                                              
    C:\ti\ccstheia141\ccs\tools\compiler\ti-cgt-armllvm_3.2.2.LTS\lib\clang/15.0.7/lib/armv6m-ti-none-eabi/libclang_rt.builtins.a
       adddf3.S.obj                   402    0         0      
       divdf3.S.obj                   268    0         0      
       muldf3.S.obj                   228    0         0      
       fixdfsi.S.obj                  74     0         0      
       fixunsdfsi.S.obj               66     0         0      
       aeabi_uidivmod.S.obj           64     0         0      
       muldsi3.S.obj                  58     0         0      
       floatsidf.S.obj                44     0         0      
       floatunsidf.S.obj              36     0         0      
       aeabi_memcpy.S.obj             8      0         0      
       aeabi_div0.c.obj               2      0         0      
    +--+------------------------------+------+---------+---------+
       Total:                         1250   0         0      
                                                              
       Heap:                          0      0         2048   
       Stack:                         0      0         512    
       Linker Generated:              0      48        0      
    +--+------------------------------+------+---------+---------+
       Grand Total:                   9556   1229      2573   


LINKER GENERATED COPY TABLES

__TI_cinit_table @ 00002a20 records: 2, size/record: 8, table size: 16
	.data: load addr=00002a00, load size=0000000c bytes, run addr=20200800, run size=0000000b bytes, compression=lzss
	.bss: load addr=00002a18, load size=00000008 bytes, run addr=2020080c, run size=00000002 bytes, compression=zero_init


LINKER GENERATED HANDLER TABLE

__TI_handler_table @ 00002a0c records: 3, size/record: 4, table size: 12
	index: 0, handler: __TI_decompress_lzss
	index: 1, handler: __TI_decompress_none
	index: 2, handler: __TI_zero_init


GLOBAL SYMBOLS: SORTED ALPHABETICALLY BY Name 

address   name                          
-------   ----                          
0000260d  ADC0_IRQHandler               
00001e45  ADC0_in                       
00000d59  ADC0_init                     
0000260d  ADC1_IRQHandler               
00001ead  ADC1_in                       
00000e2d  ADC1_init                     
0000260d  AES_IRQHandler                
0000261c  C$$EXIT                       
0000260d  CANFD0_IRQHandler             
0000260d  DAC0_IRQHandler               
0000260d  DMA_IRQHandler                
0000260d  Default_Handler               
0000260d  GROUP0_IRQHandler             
00001a49  GROUP1_IRQHandler             
00002611  HardFault_Handler             
0000260d  I2C0_IRQHandler               
0000260d  I2C1_IRQHandler               
000012e9  I2C_init                      
00001925  I2C_send1                     
0000260d  NMI_Handler                   
00001f71  OPA0_init                     
0000260d  PendSV_Handler                
0000260d  RTC_IRQHandler                
00002615  Reset_Handler                 
0000260d  SPI0_IRQHandler               
0000260d  SPI1_IRQHandler               
0000260d  SVC_Handler                   
0000205d  SysTick_Handler               
0000260d  TIMA0_IRQHandler              
0000260d  TIMA1_IRQHandler              
0000260d  TIMG0_IRQHandler              
0000260d  TIMG12_IRQHandler             
0000260d  TIMG6_IRQHandler              
0000260d  TIMG7_IRQHandler              
0000260d  TIMG8_IRQHandler              
00002595  TI_memcpy_small               
0000260d  UART0_IRQHandler              
0000260d  UART1_IRQHandler              
0000260d  UART2_IRQHandler              
0000260d  UART3_IRQHandler              
00002489  UART_in_char                  
00000f01  UART_init                     
00002341  UART_out_char                 
20208000  __STACK_END                   
00000200  __STACK_SIZE                  
00000800  __SYSMEM_SIZE                 
00000000  __TI_ATRegion0_region_sz      
00000000  __TI_ATRegion0_src_addr       
00000000  __TI_ATRegion0_trg_addr       
00000000  __TI_ATRegion1_region_sz      
00000000  __TI_ATRegion1_src_addr       
00000000  __TI_ATRegion1_trg_addr       
00000000  __TI_ATRegion2_region_sz      
00000000  __TI_ATRegion2_src_addr       
00000000  __TI_ATRegion2_trg_addr       
00002a20  __TI_CINIT_Base               
00002a30  __TI_CINIT_Limit              
00002a30  __TI_CINIT_Warm               
00002a0c  __TI_Handler_Table_Base       
00002a18  __TI_Handler_Table_Limit      
00002129  __TI_auto_init_nobinit_nopinit
00001ced  __TI_decompress_lzss          
000025a7  __TI_decompress_none          
ffffffff  __TI_pprof_out_hndl           
ffffffff  __TI_prof_data_size           
ffffffff  __TI_prof_data_start          
00000000  __TI_static_base__            
00002569  __TI_zero_init_nomemset       
0000073f  __adddf3                      
00002011  __aeabi_d2iz                  
000020a5  __aeabi_d2uiz                 
0000073f  __aeabi_dadd                  
00000b69  __aeabi_ddiv                  
00000c75  __aeabi_dmul                  
00000735  __aeabi_dsub                  
00002399  __aeabi_i2d                   
000008c7  __aeabi_idiv0                 
00002605  __aeabi_memcpy                
00002605  __aeabi_memcpy4               
00002605  __aeabi_memcpy8               
00002441  __aeabi_ui2d                  
000020e9  __aeabi_uidiv                 
000020e9  __aeabi_uidivmod              
ffffffff  __binit__                     
00000b69  __divdf3                      
00002011  __fixdfsi                     
000020a5  __fixunsdfsi                  
00002399  __floatsidf                   
00002441  __floatunsidf                 
UNDEFED   __mpu_init                    
00000c75  __muldf3                      
00002165  __muldsi3                     
20207e00  __stack                       
20200000  __start___llvm_prf_bits       
20200000  __start___llvm_prf_cnts       
20200000  __stop___llvm_prf_bits        
20200000  __stop___llvm_prf_cnts        
00000735  __subdf3                      
00002419  _c_int00_noargs               
20200000  _sys_memory                   
UNDEFED   _system_post_cinit            
00002619  _system_pre_init              
0000261d  abort                         
ffffffff  binit                         
00001c71  byte_to_ascii                 
000025b9  clock_delay                   
000008c9  clock_init_40mhz              
000021d9  config_pb1_interrupt          
0000220d  config_pb2_interrupt          
000026f0  dip_switch_config_data        
00001fc5  dipsw_init                    
0000145d  dipsw_read                    
0000187d  display_main_menu             
000019b9  display_radio_menu            
00001d65  display_spotify_menu          
000013a5  display_volume_menu           
00002680  enable_controls               
20200800  g_Odometer                    
20200804  g_bus_clock_freq              
2020080c  g_motor_speed                 
20200809  g_pb1_pressed                 
2020080a  g_pb2_pressed                 
000025f9  get_bus_clock_freq            
0000281c  iic_config_data               
00000000  interruptVectors              
00001ad5  is_lpsw_down                  
00001b61  is_lpsw_up                    
000021a1  launchpad_gpio_init           
000010a5  lcd1602_init                  
00001169  lcd1602_write                 
000025e9  lcd_clear                     
000024a9  lcd_set_ddram_addr            
000024c9  lcd_set_display_on            
000023f1  lcd_write_byte                
00002521  lcd_write_char                
00002311  lcd_write_quadbyte            
00002465  lcd_write_string              
00002620  led_config_data               
00002539  led_enable                    
00001679  led_init                      
00001511  led_off                       
000015c5  led_on                        
00000fd5  leds_off                      
00002834  lp_switch_config_data         
000024e9  lpsw_init                     
000000c1  main                          
00002241  motor0_init                   
000025c9  motor0_pwm_enable             
00001725  motor0_pwm_init               
000023c5  motor0_set_pwm_dc             
00002551  motor1_init                   
000025d9  motor1_pwm_enable             
000017d1  motor1_pwm_init               
00002581  motor1_set_pwm_count          
00002275  msec_delay                    
00001dd5  quadbyte_to_ascii             
00000585  radio_menu_selected           
00000a31  spotify_menu_selected         
00002505  sys_tick_disable              
000022a9  sys_tick_init                 
000022dd  terminal_string               
00001229  volume_menu_selected          


GLOBAL SYMBOLS: SORTED BY Symbol Address 

address   name                          
-------   ----                          
00000000  __TI_ATRegion0_region_sz      
00000000  __TI_ATRegion0_src_addr       
00000000  __TI_ATRegion0_trg_addr       
00000000  __TI_ATRegion1_region_sz      
00000000  __TI_ATRegion1_src_addr       
00000000  __TI_ATRegion1_trg_addr       
00000000  __TI_ATRegion2_region_sz      
00000000  __TI_ATRegion2_src_addr       
00000000  __TI_ATRegion2_trg_addr       
00000000  __TI_static_base__            
00000000  interruptVectors              
000000c1  main                          
00000200  __STACK_SIZE                  
00000585  radio_menu_selected           
00000735  __aeabi_dsub                  
00000735  __subdf3                      
0000073f  __adddf3                      
0000073f  __aeabi_dadd                  
00000800  __SYSMEM_SIZE                 
000008c7  __aeabi_idiv0                 
000008c9  clock_init_40mhz              
00000a31  spotify_menu_selected         
00000b69  __aeabi_ddiv                  
00000b69  __divdf3                      
00000c75  __aeabi_dmul                  
00000c75  __muldf3                      
00000d59  ADC0_init                     
00000e2d  ADC1_init                     
00000f01  UART_init                     
00000fd5  leds_off                      
000010a5  lcd1602_init                  
00001169  lcd1602_write                 
00001229  volume_menu_selected          
000012e9  I2C_init                      
000013a5  display_volume_menu           
0000145d  dipsw_read                    
00001511  led_off                       
000015c5  led_on                        
00001679  led_init                      
00001725  motor0_pwm_init               
000017d1  motor1_pwm_init               
0000187d  display_main_menu             
00001925  I2C_send1                     
000019b9  display_radio_menu            
00001a49  GROUP1_IRQHandler             
00001ad5  is_lpsw_down                  
00001b61  is_lpsw_up                    
00001c71  byte_to_ascii                 
00001ced  __TI_decompress_lzss          
00001d65  display_spotify_menu          
00001dd5  quadbyte_to_ascii             
00001e45  ADC0_in                       
00001ead  ADC1_in                       
00001f71  OPA0_init                     
00001fc5  dipsw_init                    
00002011  __aeabi_d2iz                  
00002011  __fixdfsi                     
0000205d  SysTick_Handler               
000020a5  __aeabi_d2uiz                 
000020a5  __fixunsdfsi                  
000020e9  __aeabi_uidiv                 
000020e9  __aeabi_uidivmod              
00002129  __TI_auto_init_nobinit_nopinit
00002165  __muldsi3                     
000021a1  launchpad_gpio_init           
000021d9  config_pb1_interrupt          
0000220d  config_pb2_interrupt          
00002241  motor0_init                   
00002275  msec_delay                    
000022a9  sys_tick_init                 
000022dd  terminal_string               
00002311  lcd_write_quadbyte            
00002341  UART_out_char                 
00002399  __aeabi_i2d                   
00002399  __floatsidf                   
000023c5  motor0_set_pwm_dc             
000023f1  lcd_write_byte                
00002419  _c_int00_noargs               
00002441  __aeabi_ui2d                  
00002441  __floatunsidf                 
00002465  lcd_write_string              
00002489  UART_in_char                  
000024a9  lcd_set_ddram_addr            
000024c9  lcd_set_display_on            
000024e9  lpsw_init                     
00002505  sys_tick_disable              
00002521  lcd_write_char                
00002539  led_enable                    
00002551  motor1_init                   
00002569  __TI_zero_init_nomemset       
00002581  motor1_set_pwm_count          
00002595  TI_memcpy_small               
000025a7  __TI_decompress_none          
000025b9  clock_delay                   
000025c9  motor0_pwm_enable             
000025d9  motor1_pwm_enable             
000025e9  lcd_clear                     
000025f9  get_bus_clock_freq            
00002605  __aeabi_memcpy                
00002605  __aeabi_memcpy4               
00002605  __aeabi_memcpy8               
0000260d  ADC0_IRQHandler               
0000260d  ADC1_IRQHandler               
0000260d  AES_IRQHandler                
0000260d  CANFD0_IRQHandler             
0000260d  DAC0_IRQHandler               
0000260d  DMA_IRQHandler                
0000260d  Default_Handler               
0000260d  GROUP0_IRQHandler             
0000260d  I2C0_IRQHandler               
0000260d  I2C1_IRQHandler               
0000260d  NMI_Handler                   
0000260d  PendSV_Handler                
0000260d  RTC_IRQHandler                
0000260d  SPI0_IRQHandler               
0000260d  SPI1_IRQHandler               
0000260d  SVC_Handler                   
0000260d  TIMA0_IRQHandler              
0000260d  TIMA1_IRQHandler              
0000260d  TIMG0_IRQHandler              
0000260d  TIMG12_IRQHandler             
0000260d  TIMG6_IRQHandler              
0000260d  TIMG7_IRQHandler              
0000260d  TIMG8_IRQHandler              
0000260d  UART0_IRQHandler              
0000260d  UART1_IRQHandler              
0000260d  UART2_IRQHandler              
0000260d  UART3_IRQHandler              
00002611  HardFault_Handler             
00002615  Reset_Handler                 
00002619  _system_pre_init              
0000261c  C$$EXIT                       
0000261d  abort                         
00002620  led_config_data               
00002680  enable_controls               
000026f0  dip_switch_config_data        
0000281c  iic_config_data               
00002834  lp_switch_config_data         
00002a0c  __TI_Handler_Table_Base       
00002a18  __TI_Handler_Table_Limit      
00002a20  __TI_CINIT_Base               
00002a30  __TI_CINIT_Limit              
00002a30  __TI_CINIT_Warm               
20200000  __start___llvm_prf_bits       
20200000  __start___llvm_prf_cnts       
20200000  __stop___llvm_prf_bits        
20200000  __stop___llvm_prf_cnts        
20200000  _sys_memory                   
20200800  g_Odometer                    
20200804  g_bus_clock_freq              
20200809  g_pb1_pressed                 
2020080a  g_pb2_pressed                 
2020080c  g_motor_speed                 
20207e00  __stack                       
20208000  __STACK_END                   
ffffffff  __TI_pprof_out_hndl           
ffffffff  __TI_prof_data_size           
ffffffff  __TI_prof_data_start          
ffffffff  __binit__                     
ffffffff  binit                         
UNDEFED   __mpu_init                    
UNDEFED   _system_post_cinit            

[162 symbols]
