******************************************************************************
            TI ARM Clang Linker PC v3.2.2                      
******************************************************************************
>> Linked Tue Dec 10 18:53:33 2024

OUTPUT FILE NAME:   <FinalProject_UartFinished.out>
ENTRY POINT SYMBOL: "_c_int00_noargs"  address: 00002221


MEMORY CONFIGURATION

         name            origin    length      used     unused   attr    fill
----------------------  --------  ---------  --------  --------  ----  --------
  FLASH                 00000000   00020000  00002810  0001d7f0  R  X
  SRAM                  20200000   00008000  00000a0d  000075f3  RW X
  BCR_CONFIG            41c00000   00000080  00000000  00000080  R   
  BSL_CONFIG            41c00100   00000080  00000000  00000080  R   


SEGMENT ALLOCATION MAP

run origin  load origin   length   init length attrs members
----------  ----------- ---------- ----------- ----- -------
00000000    00000000    00002810   00002810    r-x
  00000000    00000000    000000c0   000000c0    r-- .intvecs
  000000c0    000000c0    00002350   00002350    r-x .text
  00002410    00002410    000003c8   000003c8    r-- .rodata
  000027d8    000027d8    00000038   00000038    r-- .cinit
20200000    20200000    0000080e   00000000    rw-
  20200000    20200000    00000800   00000000    rw- .sysmem
  20200800    20200800    0000000b   00000000    rw- .data
  2020080c    2020080c    00000002   00000000    rw- .bss
20207e00    20207e00    00000200   00000000    rw-
  20207e00    20207e00    00000200   00000000    rw- .stack


SECTION ALLOCATION MAP

 output                                  attributes/
section   page    origin      length       input sections
--------  ----  ----------  ----------   ----------------
.intvecs   0    00000000    000000c0     
                  00000000    000000c0     startup_mspm0g3507_ticlang.o (.intvecs)

.text      0    000000c0    00002350     
                  000000c0    00000360     Car_Simulator.o (.text.main)
                  00000420    000001b0     Car_Simulator.o (.text.radio_menu_selected)
                  000005d0    00000192     libclang_rt.builtins.a : adddf3.S.obj (.text.adddf3_subdf3)
                  00000762    00000002                            : aeabi_div0.c.obj (.text.__aeabi_idiv0)
                  00000764    00000168     clock.o (.text.clock_init_40mhz)
                  000008cc    00000138     Car_Simulator.o (.text.spotify_menu_selected)
                  00000a04    0000010c     libclang_rt.builtins.a : divdf3.S.obj (.text.__divdf3)
                  00000b10    000000e4                            : muldf3.S.obj (.text.__muldf3)
                  00000bf4    000000d4     adc.o (.text.ADC0_init)
                  00000cc8    000000d4     Car_Simulator.o (.text.ADC1_init)
                  00000d9c    000000d4     uart.o (.text.UART_init)
                  00000e70    000000d0     LaunchPad.o (.text.leds_off)
                  00000f40    000000c4     lcd1602.o (.text.lcd1602_init)
                  00001004    000000c0     lcd1602.o (.text.lcd1602_write)
                  000010c4    000000c0     Car_Simulator.o (.text.volume_menu_selected)
                  00001184    000000bc     LaunchPad.o (.text.I2C_init)
                  00001240    000000b8     Car_Simulator.o (.text.display_volume_menu)
                  000012f8    000000b4     LaunchPad.o (.text.dipsw_read)
                  000013ac    000000b4     LaunchPad.o (.text.led_off)
                  00001460    000000b4     LaunchPad.o (.text.led_on)
                  00001514    000000ac     LaunchPad.o (.text.led_init)
                  000015c0    000000ac     LaunchPad.o (.text.motor0_pwm_init)
                  0000166c    000000ac     Car_Simulator.o (.text.motor1_pwm_init)
                  00001718    000000a8     Car_Simulator.o (.text.display_main_menu)
                  000017c0    00000094     LaunchPad.o (.text.I2C_send1)
                  00001854    00000090     Car_Simulator.o (.text.GROUP1_IRQHandler)
                  000018e4    00000090     Car_Simulator.o (.text.display_radio_menu)
                  00001974    00000084     Car_Simulator.o (.text.__NVIC_SetPriority)
                  000019f8    0000007c     lcd1602.o (.text.byte_to_ascii)
                  00001a74    0000007c     lcd1602.o (.text.doublebyte_to_ascii)
                  00001af0    00000078     libc.a : copy_decompress_lzss.c.obj (.text:decompress:lzss)
                  00001b68    00000070     Car_Simulator.o (.text.display_spotify_menu)
                  00001bd8    00000070     lcd1602.o (.text.quadbyte_to_ascii)
                  00001c48    00000068     adc.o (.text.ADC0_in)
                  00001cb0    00000068     Car_Simulator.o (.text.ADC1_in)
                  00001d18    0000005c     LaunchPad.o (.text.I2C_fill_tx_fifo)
                  00001d74    00000054     Car_Simulator.o (.text.OPA0_init)
                  00001dc8    0000004c     LaunchPad.o (.text.dipsw_init)
                  00001e14    0000004a     libclang_rt.builtins.a : fixdfsi.S.obj (.text.__fixdfsi)
                  00001e5e    00000002     --HOLE-- [fill = 0]
                  00001e60    00000048     Car_Simulator.o (.text.SysTick_Handler)
                  00001ea8    00000042     libclang_rt.builtins.a : fixunsdfsi.S.obj (.text.__fixunsdfsi)
                  00001eea    00000002     --HOLE-- [fill = 0]
                  00001eec    00000040                            : aeabi_uidivmod.S.obj (.text.__aeabi_uidivmod)
                  00001f2c    0000003c     libc.a : autoinit.c.obj (.text:__TI_auto_init_nobinit_nopinit)
                  00001f68    0000003a     libclang_rt.builtins.a : muldsi3.S.obj (.text.__muldsi3)
                  00001fa2    00000002     --HOLE-- [fill = 0]
                  00001fa4    00000038     LaunchPad.o (.text.launchpad_gpio_init)
                  00001fdc    00000034     Car_Simulator.o (.text.config_pb1_interrupt)
                  00002010    00000034     Car_Simulator.o (.text.config_pb2_interrupt)
                  00002044    00000034     LaunchPad.o (.text.motor0_init)
                  00002078    00000034     clock.o (.text.msec_delay)
                  000020ac    00000034     clock.o (.text.sys_tick_init)
                  000020e0    00000032     Car_Simulator.o (.text.terminal_string)
                  00002112    00000002     --HOLE-- [fill = 0]
                  00002114    00000030     lcd1602.o (.text.lcd_write_quadbyte)
                  00002144    0000002c     uart.o (.text.UART_out_char)
                  00002170    0000002c     Car_Simulator.o (.text.__NVIC_EnableIRQ)
                  0000219c    0000002c     libclang_rt.builtins.a : floatsidf.S.obj (.text.__floatsidf)
                  000021c8    0000002c     lcd1602.o (.text.lcd_write_doublebyte)
                  000021f4    0000002c     LaunchPad.o (.text.motor0_set_pwm_dc)
                  00002220    00000028     libc.a : boot_cortex_m.c.obj (.text:_c_int00_noargs)
                  00002248    00000024     libclang_rt.builtins.a : floatunsidf.S.obj (.text.__floatunsidf)
                  0000226c    00000024     lcd1602.o (.text.lcd_write_string)
                  00002290    00000020     uart.o (.text.UART_in_char)
                  000022b0    00000020     lcd1602.o (.text.lcd_set_ddram_addr)
                  000022d0    00000020     lcd1602.o (.text.lcd_set_display_on)
                  000022f0    0000001c     clock.o (.text.sys_tick_disable)
                  0000230c    00000018     lcd1602.o (.text.lcd_write_char)
                  00002324    00000018     LaunchPad.o (.text.led_enable)
                  0000233c    00000018     Car_Simulator.o (.text.motor1_init)
                  00002354    00000016     libc.a : copy_zero_init.c.obj (.text:decompress:ZI:__TI_zero_init_nomemset)
                  0000236a    00000002     --HOLE-- [fill = 0]
                  0000236c    00000014     Car_Simulator.o (.text.motor1_set_pwm_count)
                  00002380    00000012     libc.a : memcpy16.S.obj (.text:TI_memcpy_small)
                  00002392    00000012            : copy_decompress_none.c.obj (.text:decompress:none)
                  000023a4    00000010     clock.o (.text.clock_delay)
                  000023b4    00000010     LaunchPad.o (.text.motor0_pwm_enable)
                  000023c4    00000010     Car_Simulator.o (.text.motor1_pwm_enable)
                  000023d4    0000000e     lcd1602.o (.text.lcd_clear)
                  000023e2    00000002     --HOLE-- [fill = 0]
                  000023e4    0000000c     clock.o (.text.get_bus_clock_freq)
                  000023f0    00000008     libclang_rt.builtins.a : aeabi_memcpy.S.obj (.text.__aeabi_memcpy)
                  000023f8    00000004     startup_mspm0g3507_ticlang.o (.text.Default_Handler)
                  000023fc    00000004     startup_mspm0g3507_ticlang.o (.text.HardFault_Handler)
                  00002400    00000004     startup_mspm0g3507_ticlang.o (.text.Reset_Handler)
                  00002404    00000004     libc.a : pre_init.c.obj (.text._system_pre_init)
                  00002408    00000004            : exit.c.obj (.text:abort)
                  0000240c    00000004     --HOLE-- [fill = 0]

.cinit     0    000027d8    00000038     
                  000027d8    0000000e     (.cinit..data.load) [load image, compression = lzss]
                  000027e6    00000002     --HOLE-- [fill = 0]
                  000027e8    0000000c     (__TI_handler_table)
                  000027f4    00000008     (.cinit..bss.load) [load image, compression = zero_init]
                  000027fc    00000010     (__TI_cinit_table)
                  0000280c    00000004     --HOLE-- [fill = 0]

.rodata    0    00002410    000003c8     
                  00002410    00000060     LaunchPad.o (.rodata.led_config_data)
                  00002470    0000003c     LaunchPad.o (.rodata.enable_controls)
                  000024ac    00000031     Car_Simulator.o (.rodata.str1.172073988210372511921)
                  000024dd    00000003     Car_Simulator.o (.rodata.str1.103485231340704346111)
                  000024e0    00000030     LaunchPad.o (.rodata.dip_switch_config_data)
                  00002510    0000002c     Car_Simulator.o (.rodata.str1.39021504651074216261)
                  0000253c    00000027     Car_Simulator.o (.rodata.str1.175797118914156737881)
                  00002563    00000022     Car_Simulator.o (.rodata.str1.4798745951745243491)
                  00002585    0000001e     Car_Simulator.o (.rodata.str1.66681045988108127871)
                  000025a3    0000001a     Car_Simulator.o (.rodata.str1.105786657325536641741)
                  000025bd    0000001a     Car_Simulator.o (.rodata.str1.132276627498660363871)
                  000025d7    0000001a     Car_Simulator.o (.rodata.str1.16990070377049017341)
                  000025f1    0000001a     Car_Simulator.o (.rodata.str1.8399522077372680461)
                  0000260b    00000001     --HOLE-- [fill = 0]
                  0000260c    00000018     LaunchPad.o (.rodata.iic_config_data)
                  00002624    00000018     Car_Simulator.o (.rodata.str1.182016232660745945051)
                  0000263c    00000018     Car_Simulator.o (.rodata.str1.5994206880700215471)
                  00002654    00000018     Car_Simulator.o (.rodata.str1.7371927735712391571)
                  0000266c    00000017     Car_Simulator.o (.rodata.str1.134622737974984771271)
                  00002683    00000016     Car_Simulator.o (.rodata.str1.67155964443909517231)
                  00002699    00000015     Car_Simulator.o (.rodata.str1.62732097994877188921)
                  000026ae    00000013     Car_Simulator.o (.rodata.str1.146498291472628415711)
                  000026c1    00000013     Car_Simulator.o (.rodata.str1.168076311472727406751)
                  000026d4    00000013     Car_Simulator.o (.rodata.str1.53834800595599494961)
                  000026e7    00000012     Car_Simulator.o (.rodata.str1.116490434392498332121)
                  000026f9    00000012     Car_Simulator.o (.rodata.str1.49150865902496095861)
                  0000270b    00000011     Car_Simulator.o (.rodata.str1.125532225461027324391)
                  0000271c    00000011     Car_Simulator.o (.rodata.str1.139878102568670852721)
                  0000272d    00000011     Car_Simulator.o (.rodata.str1.48147386520855845551)
                  0000273e    00000011     Car_Simulator.o (.rodata.str1.52179229124169911531)
                  0000274f    00000011     Car_Simulator.o (.rodata.str1.93987887078253359951)
                  00002760    00000010     Car_Simulator.o (.rodata.str1.133699423766952384821)
                  00002770    00000010     Car_Simulator.o (.rodata.str1.163221681456411762711)
                  00002780    00000010     Car_Simulator.o (.rodata.str1.20276106889809965391)
                  00002790    00000010     Car_Simulator.o (.rodata.str1.25781765972122564281)
                  000027a0    00000010     Car_Simulator.o (.rodata.str1.86727821086645802101)
                  000027b0    0000000e     Car_Simulator.o (.rodata.str1.12159175921030396751)
                  000027be    0000000c     Car_Simulator.o (.rodata.str1.167273992060078913961)
                  000027ca    00000003     Car_Simulator.o (.rodata.str1.12163994113393595211)
                  000027cd    00000003     Car_Simulator.o (.rodata.str1.182858176799763879041)
                  000027d0    00000003     Car_Simulator.o (.rodata.str1.43510371444801145751)
                  000027d3    00000005     --HOLE-- [fill = 0]

.init_array 
*          0    00000000    00000000     UNINITIALIZED

.binit     0    00000000    00000000     

.sysmem    0    20200000    00000800     UNINITIALIZED
                  20200000    00000010     libc.a : memory.c.obj (.sysmem)
                  20200010    000007f0     --HOLE--

.data      0    20200800    0000000b     UNINITIALIZED
                  20200800    00000004     Car_Simulator.o (.data.g_Odometer)
                  20200804    00000004     clock.o (.data.g_bus_clock_freq)
                  20200808    00000001     lcd1602.o (.data.g_lcd_backlight_mode)
                  20200809    00000001     Car_Simulator.o (.data.g_neutral)
                  2020080a    00000001     Car_Simulator.o (.data.g_run)

.bss       0    2020080c    00000002     UNINITIALIZED
                  2020080c    00000002     (.common:g_motor_speed)

.stack     0    20207e00    00000200     UNINITIALIZED
                  20207e00    00000004     libc.a : boot_cortex_m.c.obj (.stack)
                  20207e04    000001fc     --HOLE--

__llvm_prf_cnts 
*          0    20200000    00000000     UNINITIALIZED

__llvm_prf_bits 
*          0    20200000    00000000     UNINITIALIZED

MODULE SUMMARY

       Module                         code   ro data   rw data
       ------                         ----   -------   -------
    .\
       Car_Simulator.o                3586   734       8      
       LaunchPad.o                    1788   228       0      
       lcd1602.o                      978    0         1      
       clock.o                        520    0         4      
       adc.o                          316    0         0      
       uart.o                         288    0         0      
    +--+------------------------------+------+---------+---------+
       Total:                         7476   962       13     
                                                              
    .\ticlang\
       startup_mspm0g3507_ticlang.o   12     192       0      
    +--+------------------------------+------+---------+---------+
       Total:                         12     192       0      
                                                              
    C:\ti\ccstheia141\ccs\tools\compiler\ti-cgt-armllvm_3.2.2.LTS\lib\armv6m-ti-none-eabi/c/libc.a
       copy_decompress_lzss.c.obj     120    0         0      
       autoinit.c.obj                 60     0         0      
       boot_cortex_m.c.obj            40     0         0      
       copy_zero_init.c.obj           22     0         0      
       copy_decompress_none.c.obj     18     0         0      
       memcpy16.S.obj                 18     0         0      
       exit.c.obj                     4      0         0      
       pre_init.c.obj                 4      0         0      
    +--+------------------------------+------+---------+---------+
       Total:                         286    0         0      
                                                              
    C:\ti\ccstheia141\ccs\tools\compiler\ti-cgt-armllvm_3.2.2.LTS\lib\clang/15.0.7/lib/armv6m-ti-none-eabi/libclang_rt.builtins.a
       adddf3.S.obj                   402    0         0      
       divdf3.S.obj                   268    0         0      
       muldf3.S.obj                   228    0         0      
       fixdfsi.S.obj                  74     0         0      
       fixunsdfsi.S.obj               66     0         0      
       aeabi_uidivmod.S.obj           64     0         0      
       muldsi3.S.obj                  58     0         0      
       floatsidf.S.obj                44     0         0      
       floatunsidf.S.obj              36     0         0      
       aeabi_memcpy.S.obj             8      0         0      
       aeabi_div0.c.obj               2      0         0      
    +--+------------------------------+------+---------+---------+
       Total:                         1250   0         0      
                                                              
       Heap:                          0      0         2048   
       Stack:                         0      0         512    
       Linker Generated:              0      50        0      
    +--+------------------------------+------+---------+---------+
       Grand Total:                   9024   1204      2573   


LINKER GENERATED COPY TABLES

__TI_cinit_table @ 000027fc records: 2, size/record: 8, table size: 16
	.data: load addr=000027d8, load size=0000000e bytes, run addr=20200800, run size=0000000b bytes, compression=lzss
	.bss: load addr=000027f4, load size=00000008 bytes, run addr=2020080c, run size=00000002 bytes, compression=zero_init


LINKER GENERATED HANDLER TABLE

__TI_handler_table @ 000027e8 records: 3, size/record: 4, table size: 12
	index: 0, handler: __TI_decompress_lzss
	index: 1, handler: __TI_decompress_none
	index: 2, handler: __TI_zero_init


GLOBAL SYMBOLS: SORTED ALPHABETICALLY BY Name 

address   name                          
-------   ----                          
000023f9  ADC0_IRQHandler               
00001c49  ADC0_in                       
00000bf5  ADC0_init                     
000023f9  ADC1_IRQHandler               
00001cb1  ADC1_in                       
00000cc9  ADC1_init                     
000023f9  AES_IRQHandler                
00002408  C$$EXIT                       
000023f9  CANFD0_IRQHandler             
000023f9  DAC0_IRQHandler               
000023f9  DMA_IRQHandler                
000023f9  Default_Handler               
000023f9  GROUP0_IRQHandler             
00001855  GROUP1_IRQHandler             
000023fd  HardFault_Handler             
000023f9  I2C0_IRQHandler               
000023f9  I2C1_IRQHandler               
00001185  I2C_init                      
000017c1  I2C_send1                     
000023f9  NMI_Handler                   
00001d75  OPA0_init                     
000023f9  PendSV_Handler                
000023f9  RTC_IRQHandler                
00002401  Reset_Handler                 
000023f9  SPI0_IRQHandler               
000023f9  SPI1_IRQHandler               
000023f9  SVC_Handler                   
00001e61  SysTick_Handler               
000023f9  TIMA0_IRQHandler              
000023f9  TIMA1_IRQHandler              
000023f9  TIMG0_IRQHandler              
000023f9  TIMG12_IRQHandler             
000023f9  TIMG6_IRQHandler              
000023f9  TIMG7_IRQHandler              
000023f9  TIMG8_IRQHandler              
00002381  TI_memcpy_small               
000023f9  UART0_IRQHandler              
000023f9  UART1_IRQHandler              
000023f9  UART2_IRQHandler              
000023f9  UART3_IRQHandler              
00002291  UART_in_char                  
00000d9d  UART_init                     
00002145  UART_out_char                 
20208000  __STACK_END                   
00000200  __STACK_SIZE                  
00000800  __SYSMEM_SIZE                 
00000000  __TI_ATRegion0_region_sz      
00000000  __TI_ATRegion0_src_addr       
00000000  __TI_ATRegion0_trg_addr       
00000000  __TI_ATRegion1_region_sz      
00000000  __TI_ATRegion1_src_addr       
00000000  __TI_ATRegion1_trg_addr       
00000000  __TI_ATRegion2_region_sz      
00000000  __TI_ATRegion2_src_addr       
00000000  __TI_ATRegion2_trg_addr       
000027fc  __TI_CINIT_Base               
0000280c  __TI_CINIT_Limit              
0000280c  __TI_CINIT_Warm               
000027e8  __TI_Handler_Table_Base       
000027f4  __TI_Handler_Table_Limit      
00001f2d  __TI_auto_init_nobinit_nopinit
00001af1  __TI_decompress_lzss          
00002393  __TI_decompress_none          
ffffffff  __TI_pprof_out_hndl           
ffffffff  __TI_prof_data_size           
ffffffff  __TI_prof_data_start          
00000000  __TI_static_base__            
00002355  __TI_zero_init_nomemset       
000005db  __adddf3                      
00001e15  __aeabi_d2iz                  
00001ea9  __aeabi_d2uiz                 
000005db  __aeabi_dadd                  
00000a05  __aeabi_ddiv                  
00000b11  __aeabi_dmul                  
000005d1  __aeabi_dsub                  
0000219d  __aeabi_i2d                   
00000763  __aeabi_idiv0                 
000023f1  __aeabi_memcpy                
000023f1  __aeabi_memcpy4               
000023f1  __aeabi_memcpy8               
00002249  __aeabi_ui2d                  
00001eed  __aeabi_uidiv                 
00001eed  __aeabi_uidivmod              
ffffffff  __binit__                     
00000a05  __divdf3                      
00001e15  __fixdfsi                     
00001ea9  __fixunsdfsi                  
0000219d  __floatsidf                   
00002249  __floatunsidf                 
UNDEFED   __mpu_init                    
00000b11  __muldf3                      
00001f69  __muldsi3                     
20207e00  __stack                       
20200000  __start___llvm_prf_bits       
20200000  __start___llvm_prf_cnts       
20200000  __stop___llvm_prf_bits        
20200000  __stop___llvm_prf_cnts        
000005d1  __subdf3                      
00002221  _c_int00_noargs               
20200000  _sys_memory                   
UNDEFED   _system_post_cinit            
00002405  _system_pre_init              
00002409  abort                         
ffffffff  binit                         
000019f9  byte_to_ascii                 
000023a5  clock_delay                   
00000765  clock_init_40mhz              
00001fdd  config_pb1_interrupt          
00002011  config_pb2_interrupt          
000024e0  dip_switch_config_data        
00001dc9  dipsw_init                    
000012f9  dipsw_read                    
00001719  display_main_menu             
000018e5  display_radio_menu            
00001b69  display_spotify_menu          
00001241  display_volume_menu           
00001a75  doublebyte_to_ascii           
00002470  enable_controls               
20200800  g_Odometer                    
20200804  g_bus_clock_freq              
2020080c  g_motor_speed                 
20200809  g_neutral                     
2020080a  g_run                         
000023e5  get_bus_clock_freq            
0000260c  iic_config_data               
00000000  interruptVectors              
00001fa5  launchpad_gpio_init           
00000f41  lcd1602_init                  
00001005  lcd1602_write                 
000023d5  lcd_clear                     
000022b1  lcd_set_ddram_addr            
000022d1  lcd_set_display_on            
0000230d  lcd_write_char                
000021c9  lcd_write_doublebyte          
00002115  lcd_write_quadbyte            
0000226d  lcd_write_string              
00002410  led_config_data               
00002325  led_enable                    
00001515  led_init                      
000013ad  led_off                       
00001461  led_on                        
00000e71  leds_off                      
000000c1  main                          
00002045  motor0_init                   
000023b5  motor0_pwm_enable             
000015c1  motor0_pwm_init               
000021f5  motor0_set_pwm_dc             
0000233d  motor1_init                   
000023c5  motor1_pwm_enable             
0000166d  motor1_pwm_init               
0000236d  motor1_set_pwm_count          
00002079  msec_delay                    
00001bd9  quadbyte_to_ascii             
00000421  radio_menu_selected           
000008cd  spotify_menu_selected         
000022f1  sys_tick_disable              
000020ad  sys_tick_init                 
000020e1  terminal_string               
000010c5  volume_menu_selected          


GLOBAL SYMBOLS: SORTED BY Symbol Address 

address   name                          
-------   ----                          
00000000  __TI_ATRegion0_region_sz      
00000000  __TI_ATRegion0_src_addr       
00000000  __TI_ATRegion0_trg_addr       
00000000  __TI_ATRegion1_region_sz      
00000000  __TI_ATRegion1_src_addr       
00000000  __TI_ATRegion1_trg_addr       
00000000  __TI_ATRegion2_region_sz      
00000000  __TI_ATRegion2_src_addr       
00000000  __TI_ATRegion2_trg_addr       
00000000  __TI_static_base__            
00000000  interruptVectors              
000000c1  main                          
00000200  __STACK_SIZE                  
00000421  radio_menu_selected           
000005d1  __aeabi_dsub                  
000005d1  __subdf3                      
000005db  __adddf3                      
000005db  __aeabi_dadd                  
00000763  __aeabi_idiv0                 
00000765  clock_init_40mhz              
00000800  __SYSMEM_SIZE                 
000008cd  spotify_menu_selected         
00000a05  __aeabi_ddiv                  
00000a05  __divdf3                      
00000b11  __aeabi_dmul                  
00000b11  __muldf3                      
00000bf5  ADC0_init                     
00000cc9  ADC1_init                     
00000d9d  UART_init                     
00000e71  leds_off                      
00000f41  lcd1602_init                  
00001005  lcd1602_write                 
000010c5  volume_menu_selected          
00001185  I2C_init                      
00001241  display_volume_menu           
000012f9  dipsw_read                    
000013ad  led_off                       
00001461  led_on                        
00001515  led_init                      
000015c1  motor0_pwm_init               
0000166d  motor1_pwm_init               
00001719  display_main_menu             
000017c1  I2C_send1                     
00001855  GROUP1_IRQHandler             
000018e5  display_radio_menu            
000019f9  byte_to_ascii                 
00001a75  doublebyte_to_ascii           
00001af1  __TI_decompress_lzss          
00001b69  display_spotify_menu          
00001bd9  quadbyte_to_ascii             
00001c49  ADC0_in                       
00001cb1  ADC1_in                       
00001d75  OPA0_init                     
00001dc9  dipsw_init                    
00001e15  __aeabi_d2iz                  
00001e15  __fixdfsi                     
00001e61  SysTick_Handler               
00001ea9  __aeabi_d2uiz                 
00001ea9  __fixunsdfsi                  
00001eed  __aeabi_uidiv                 
00001eed  __aeabi_uidivmod              
00001f2d  __TI_auto_init_nobinit_nopinit
00001f69  __muldsi3                     
00001fa5  launchpad_gpio_init           
00001fdd  config_pb1_interrupt          
00002011  config_pb2_interrupt          
00002045  motor0_init                   
00002079  msec_delay                    
000020ad  sys_tick_init                 
000020e1  terminal_string               
00002115  lcd_write_quadbyte            
00002145  UART_out_char                 
0000219d  __aeabi_i2d                   
0000219d  __floatsidf                   
000021c9  lcd_write_doublebyte          
000021f5  motor0_set_pwm_dc             
00002221  _c_int00_noargs               
00002249  __aeabi_ui2d                  
00002249  __floatunsidf                 
0000226d  lcd_write_string              
00002291  UART_in_char                  
000022b1  lcd_set_ddram_addr            
000022d1  lcd_set_display_on            
000022f1  sys_tick_disable              
0000230d  lcd_write_char                
00002325  led_enable                    
0000233d  motor1_init                   
00002355  __TI_zero_init_nomemset       
0000236d  motor1_set_pwm_count          
00002381  TI_memcpy_small               
00002393  __TI_decompress_none          
000023a5  clock_delay                   
000023b5  motor0_pwm_enable             
000023c5  motor1_pwm_enable             
000023d5  lcd_clear                     
000023e5  get_bus_clock_freq            
000023f1  __aeabi_memcpy                
000023f1  __aeabi_memcpy4               
000023f1  __aeabi_memcpy8               
000023f9  ADC0_IRQHandler               
000023f9  ADC1_IRQHandler               
000023f9  AES_IRQHandler                
000023f9  CANFD0_IRQHandler             
000023f9  DAC0_IRQHandler               
000023f9  DMA_IRQHandler                
000023f9  Default_Handler               
000023f9  GROUP0_IRQHandler             
000023f9  I2C0_IRQHandler               
000023f9  I2C1_IRQHandler               
000023f9  NMI_Handler                   
000023f9  PendSV_Handler                
000023f9  RTC_IRQHandler                
000023f9  SPI0_IRQHandler               
000023f9  SPI1_IRQHandler               
000023f9  SVC_Handler                   
000023f9  TIMA0_IRQHandler              
000023f9  TIMA1_IRQHandler              
000023f9  TIMG0_IRQHandler              
000023f9  TIMG12_IRQHandler             
000023f9  TIMG6_IRQHandler              
000023f9  TIMG7_IRQHandler              
000023f9  TIMG8_IRQHandler              
000023f9  UART0_IRQHandler              
000023f9  UART1_IRQHandler              
000023f9  UART2_IRQHandler              
000023f9  UART3_IRQHandler              
000023fd  HardFault_Handler             
00002401  Reset_Handler                 
00002405  _system_pre_init              
00002408  C$$EXIT                       
00002409  abort                         
00002410  led_config_data               
00002470  enable_controls               
000024e0  dip_switch_config_data        
0000260c  iic_config_data               
000027e8  __TI_Handler_Table_Base       
000027f4  __TI_Handler_Table_Limit      
000027fc  __TI_CINIT_Base               
0000280c  __TI_CINIT_Limit              
0000280c  __TI_CINIT_Warm               
20200000  __start___llvm_prf_bits       
20200000  __start___llvm_prf_cnts       
20200000  __stop___llvm_prf_bits        
20200000  __stop___llvm_prf_cnts        
20200000  _sys_memory                   
20200800  g_Odometer                    
20200804  g_bus_clock_freq              
20200809  g_neutral                     
2020080a  g_run                         
2020080c  g_motor_speed                 
20207e00  __stack                       
20208000  __STACK_END                   
ffffffff  __TI_pprof_out_hndl           
ffffffff  __TI_prof_data_size           
ffffffff  __TI_prof_data_start          
ffffffff  __binit__                     
ffffffff  binit                         
UNDEFED   __mpu_init                    
UNDEFED   _system_post_cinit            

[159 symbols]
