******************************************************************************
            TI ARM Clang Linker PC v3.2.2                      
******************************************************************************
>> Linked Wed Dec  4 16:19:39 2024

OUTPUT FILE NAME:   <adc_motor_test.out>
ENTRY POINT SYMBOL: "_c_int00_noargs"  address: 000015a5


MEMORY CONFIGURATION

         name            origin    length      used     unused   attr    fill
----------------------  --------  ---------  --------  --------  ----  --------
  FLASH                 00000000   00020000  000017f0  0001e810  R  X
  SRAM                  20200000   00008000  00000a05  000075fb  RW X
  BCR_CONFIG            41c00000   00000080  00000000  00000080  R   
  BSL_CONFIG            41c00100   00000080  00000000  00000080  R   


SEGMENT ALLOCATION MAP

run origin  load origin   length   init length attrs members
----------  ----------- ---------- ----------- ----- -------
00000000    00000000    000017f0   000017f0    r-x
  00000000    00000000    000000c0   000000c0    r-- .intvecs
  000000c0    000000c0    00001650   00001650    r-x .text
  00001710    00001710    000000c0   000000c0    r-- .rodata
  000017d0    000017d0    00000020   00000020    r-- .cinit
20200000    20200000    00000805   00000000    rw-
  20200000    20200000    00000800   00000000    rw- .sysmem
  20200800    20200800    00000005   00000000    rw- .data
20207e00    20207e00    00000200   00000000    rw-
  20207e00    20207e00    00000200   00000000    rw- .stack


SECTION ALLOCATION MAP

 output                                  attributes/
section   page    origin      length       input sections
--------  ----  ----------  ----------   ----------------
.intvecs   0    00000000    000000c0     
                  00000000    000000c0     startup_mspm0g3507_ticlang.o (.intvecs)

.text      0    000000c0    00001650     
                  000000c0    000001f4     main.o (.text.main)
                  000002b4    00000192     libclang_rt.builtins.a : adddf3.S.obj (.text.adddf3_subdf3)
                  00000446    00000002                            : aeabi_div0.c.obj (.text.__aeabi_idiv0)
                  00000448    00000168     clock.o (.text.clock_init_40mhz)
                  000005b0    0000010c     libclang_rt.builtins.a : divdf3.S.obj (.text.__divdf3)
                  000006bc    000000e4                            : muldf3.S.obj (.text.__muldf3)
                  000007a0    000000d4     adc.o (.text.ADC0_init)
                  00000874    000000d4     main.o (.text.ADC1_init)
                  00000948    000000d0     LaunchPad.o (.text.leds_off)
                  00000a18    000000c4     lcd1602.o (.text.lcd1602_init)
                  00000adc    000000c0     lcd1602.o (.text.lcd1602_write)
                  00000b9c    000000bc     LaunchPad.o (.text.I2C_init)
                  00000c58    000000b4     LaunchPad.o (.text.led_off)
                  00000d0c    000000b4     LaunchPad.o (.text.led_on)
                  00000dc0    000000b0     LaunchPad.o (.text.motor0_pwm_init)
                  00000e70    000000b0     main.o (.text.motor1_pwm_init)
                  00000f20    000000ac     LaunchPad.o (.text.led_init)
                  00000fcc    00000094     LaunchPad.o (.text.I2C_send1)
                  00001060    0000007c     lcd1602.o (.text.byte_to_ascii)
                  000010dc    0000007c     lcd1602.o (.text.doublebyte_to_ascii)
                  00001158    00000078     libc.a : copy_decompress_lzss.c.obj (.text:decompress:lzss)
                  000011d0    00000068     adc.o (.text.ADC0_in)
                  00001238    00000068     main.o (.text.ADC1_in)
                  000012a0    0000005c     LaunchPad.o (.text.I2C_fill_tx_fifo)
                  000012fc    00000054     main.o (.text.OPA0_init)
                  00001350    0000004a     libclang_rt.builtins.a : fixdfsi.S.obj (.text.__fixdfsi)
                  0000139a    00000002     --HOLE-- [fill = 0]
                  0000139c    00000040                            : aeabi_uidivmod.S.obj (.text.__aeabi_uidivmod)
                  000013dc    0000003c     libc.a : autoinit.c.obj (.text:__TI_auto_init_nobinit_nopinit)
                  00001418    0000003a     libclang_rt.builtins.a : muldsi3.S.obj (.text.__muldsi3)
                  00001452    00000002     --HOLE-- [fill = 0]
                  00001454    00000038     LaunchPad.o (.text.launchpad_gpio_init)
                  0000148c    00000034     LaunchPad.o (.text.motor0_init)
                  000014c0    00000034     clock.o (.text.msec_delay)
                  000014f4    00000030     LaunchPad.o (.text.motor0_set_pwm_dc)
                  00001524    0000002c     libclang_rt.builtins.a : floatsidf.S.obj (.text.__floatsidf)
                  00001550    0000002c     lcd1602.o (.text.lcd_write_doublebyte)
                  0000157c    00000028     lcd1602.o (.text.lcd_write_byte)
                  000015a4    00000028     libc.a : boot_cortex_m.c.obj (.text:_c_int00_noargs)
                  000015cc    00000024     lcd1602.o (.text.lcd_write_string)
                  000015f0    00000020     lcd1602.o (.text.lcd_set_ddram_addr)
                  00001610    00000020     lcd1602.o (.text.lcd_set_display_on)
                  00001630    00000018     lcd1602.o (.text.lcd_write_char)
                  00001648    00000018     LaunchPad.o (.text.led_enable)
                  00001660    00000018     main.o (.text.motor1_init)
                  00001678    00000014     main.o (.text.motor1_set_pwm_count)
                  0000168c    00000012     libc.a : memcpy16.S.obj (.text:TI_memcpy_small)
                  0000169e    00000012            : copy_decompress_none.c.obj (.text:decompress:none)
                  000016b0    00000010     clock.o (.text.clock_delay)
                  000016c0    00000010     LaunchPad.o (.text.motor0_pwm_enable)
                  000016d0    00000010     main.o (.text.motor1_pwm_enable)
                  000016e0    0000000e     lcd1602.o (.text.lcd_clear)
                  000016ee    00000002     --HOLE-- [fill = 0]
                  000016f0    00000008     libclang_rt.builtins.a : aeabi_memcpy.S.obj (.text.__aeabi_memcpy)
                  000016f8    00000004     startup_mspm0g3507_ticlang.o (.text.Default_Handler)
                  000016fc    00000004     startup_mspm0g3507_ticlang.o (.text.HardFault_Handler)
                  00001700    00000004     startup_mspm0g3507_ticlang.o (.text.Reset_Handler)
                  00001704    00000004     libc.a : pre_init.c.obj (.text._system_pre_init)
                  00001708    00000004            : exit.c.obj (.text:abort)
                  0000170c    00000004     --HOLE-- [fill = 0]

.cinit     0    000017d0    00000020     
                  000017d0    00000009     (.cinit..data.load) [load image, compression = lzss]
                  000017d9    00000003     --HOLE-- [fill = 0]
                  000017dc    00000008     (__TI_handler_table)
                  000017e4    00000008     (__TI_cinit_table)
                  000017ec    00000004     --HOLE-- [fill = 0]

.rodata    0    00001710    000000c0     
                  00001710    00000060     LaunchPad.o (.rodata.led_config_data)
                  00001770    0000003c     LaunchPad.o (.rodata.enable_controls)
                  000017ac    00000018     LaunchPad.o (.rodata.iic_config_data)
                  000017c4    00000003     main.o (.rodata.str1.176328792963337784071)
                  000017c7    00000003     main.o (.rodata.str1.52501554851255701521)
                  000017ca    00000003     main.o (.rodata.str1.97993385775340092391)
                  000017cd    00000003     --HOLE-- [fill = 0]

.init_array 
*          0    00000000    00000000     UNINITIALIZED

.binit     0    00000000    00000000     

.data      0    20200800    00000005     UNINITIALIZED
                  20200800    00000004     clock.o (.data.g_bus_clock_freq)
                  20200804    00000001     lcd1602.o (.data.g_lcd_backlight_mode)

.sysmem    0    20200000    00000800     UNINITIALIZED
                  20200000    00000010     libc.a : memory.c.obj (.sysmem)
                  20200010    000007f0     --HOLE--

.stack     0    20207e00    00000200     UNINITIALIZED
                  20207e00    00000004     libc.a : boot_cortex_m.c.obj (.stack)
                  20207e04    000001fc     --HOLE--

__llvm_prf_cnts 
*          0    20200000    00000000     UNINITIALIZED

__llvm_prf_bits 
*          0    20200000    00000000     UNINITIALIZED

MODULE SUMMARY

       Module                         code   ro data   rw data
       ------                         ----   -------   -------
    .\
       LaunchPad.o                    1540   180       0      
       main.o                         1136   9         0      
       lcd1602.o                      858    0         1      
       clock.o                        428    0         4      
       adc.o                          316    0         0      
    +--+------------------------------+------+---------+---------+
       Total:                         4278   189       5      
                                                              
    .\ticlang\
       startup_mspm0g3507_ticlang.o   12     192       0      
    +--+------------------------------+------+---------+---------+
       Total:                         12     192       0      
                                                              
    C:\ti\ccstheia140\ccs\tools\compiler\ti-cgt-armllvm_3.2.2.LTS\lib\armv6m-ti-none-eabi/c/libc.a
       copy_decompress_lzss.c.obj     120    0         0      
       autoinit.c.obj                 60     0         0      
       boot_cortex_m.c.obj            40     0         0      
       copy_decompress_none.c.obj     18     0         0      
       memcpy16.S.obj                 18     0         0      
       exit.c.obj                     4      0         0      
       pre_init.c.obj                 4      0         0      
    +--+------------------------------+------+---------+---------+
       Total:                         264    0         0      
                                                              
    C:\ti\ccstheia140\ccs\tools\compiler\ti-cgt-armllvm_3.2.2.LTS\lib\clang/15.0.7/lib/armv6m-ti-none-eabi/libclang_rt.builtins.a
       adddf3.S.obj                   402    0         0      
       divdf3.S.obj                   268    0         0      
       muldf3.S.obj                   228    0         0      
       fixdfsi.S.obj                  74     0         0      
       aeabi_uidivmod.S.obj           64     0         0      
       muldsi3.S.obj                  58     0         0      
       floatsidf.S.obj                44     0         0      
       aeabi_memcpy.S.obj             8      0         0      
       aeabi_div0.c.obj               2      0         0      
    +--+------------------------------+------+---------+---------+
       Total:                         1148   0         0      
                                                              
       Heap:                          0      0         2048   
       Stack:                         0      0         512    
       Linker Generated:              0      25        0      
    +--+------------------------------+------+---------+---------+
       Grand Total:                   5702   406       2565   


LINKER GENERATED COPY TABLES

__TI_cinit_table @ 000017e4 records: 1, size/record: 8, table size: 8
	.data: load addr=000017d0, load size=00000009 bytes, run addr=20200800, run size=00000005 bytes, compression=lzss


LINKER GENERATED HANDLER TABLE

__TI_handler_table @ 000017dc records: 2, size/record: 4, table size: 8
	index: 0, handler: __TI_decompress_lzss
	index: 1, handler: __TI_decompress_none


GLOBAL SYMBOLS: SORTED ALPHABETICALLY BY Name 

address   name                          
-------   ----                          
000016f9  ADC0_IRQHandler               
000011d1  ADC0_in                       
000007a1  ADC0_init                     
000016f9  ADC1_IRQHandler               
00001239  ADC1_in                       
00000875  ADC1_init                     
000016f9  AES_IRQHandler                
00001708  C$$EXIT                       
000016f9  CANFD0_IRQHandler             
000016f9  DAC0_IRQHandler               
000016f9  DMA_IRQHandler                
000016f9  Default_Handler               
000016f9  GROUP0_IRQHandler             
000016f9  GROUP1_IRQHandler             
000016fd  HardFault_Handler             
000016f9  I2C0_IRQHandler               
000016f9  I2C1_IRQHandler               
00000b9d  I2C_init                      
00000fcd  I2C_send1                     
000016f9  NMI_Handler                   
000012fd  OPA0_init                     
000016f9  PendSV_Handler                
000016f9  RTC_IRQHandler                
00001701  Reset_Handler                 
000016f9  SPI0_IRQHandler               
000016f9  SPI1_IRQHandler               
000016f9  SVC_Handler                   
000016f9  SysTick_Handler               
000016f9  TIMA0_IRQHandler              
000016f9  TIMA1_IRQHandler              
000016f9  TIMG0_IRQHandler              
000016f9  TIMG12_IRQHandler             
000016f9  TIMG6_IRQHandler              
000016f9  TIMG7_IRQHandler              
000016f9  TIMG8_IRQHandler              
0000168d  TI_memcpy_small               
000016f9  UART0_IRQHandler              
000016f9  UART1_IRQHandler              
000016f9  UART2_IRQHandler              
000016f9  UART3_IRQHandler              
20208000  __STACK_END                   
00000200  __STACK_SIZE                  
00000800  __SYSMEM_SIZE                 
00000000  __TI_ATRegion0_region_sz      
00000000  __TI_ATRegion0_src_addr       
00000000  __TI_ATRegion0_trg_addr       
00000000  __TI_ATRegion1_region_sz      
00000000  __TI_ATRegion1_src_addr       
00000000  __TI_ATRegion1_trg_addr       
00000000  __TI_ATRegion2_region_sz      
00000000  __TI_ATRegion2_src_addr       
00000000  __TI_ATRegion2_trg_addr       
000017e4  __TI_CINIT_Base               
000017ec  __TI_CINIT_Limit              
000017ec  __TI_CINIT_Warm               
000017dc  __TI_Handler_Table_Base       
000017e4  __TI_Handler_Table_Limit      
000013dd  __TI_auto_init_nobinit_nopinit
00001159  __TI_decompress_lzss          
0000169f  __TI_decompress_none          
ffffffff  __TI_pprof_out_hndl           
ffffffff  __TI_prof_data_size           
ffffffff  __TI_prof_data_start          
00000000  __TI_static_base__            
000002bf  __adddf3                      
00001351  __aeabi_d2iz                  
000002bf  __aeabi_dadd                  
000005b1  __aeabi_ddiv                  
000006bd  __aeabi_dmul                  
000002b5  __aeabi_dsub                  
00001525  __aeabi_i2d                   
00000447  __aeabi_idiv0                 
000016f1  __aeabi_memcpy                
000016f1  __aeabi_memcpy4               
000016f1  __aeabi_memcpy8               
0000139d  __aeabi_uidiv                 
0000139d  __aeabi_uidivmod              
ffffffff  __binit__                     
000005b1  __divdf3                      
00001351  __fixdfsi                     
00001525  __floatsidf                   
UNDEFED   __mpu_init                    
000006bd  __muldf3                      
00001419  __muldsi3                     
20207e00  __stack                       
20200000  __start___llvm_prf_bits       
20200000  __start___llvm_prf_cnts       
20200000  __stop___llvm_prf_bits        
20200000  __stop___llvm_prf_cnts        
000002b5  __subdf3                      
000015a5  _c_int00_noargs               
20200000  _sys_memory                   
UNDEFED   _system_post_cinit            
00001705  _system_pre_init              
00001709  abort                         
ffffffff  binit                         
00001061  byte_to_ascii                 
000016b1  clock_delay                   
00000449  clock_init_40mhz              
000010dd  doublebyte_to_ascii           
00001770  enable_controls               
20200800  g_bus_clock_freq              
000017ac  iic_config_data               
00000000  interruptVectors              
00001455  launchpad_gpio_init           
00000a19  lcd1602_init                  
00000add  lcd1602_write                 
000016e1  lcd_clear                     
000015f1  lcd_set_ddram_addr            
00001611  lcd_set_display_on            
0000157d  lcd_write_byte                
00001631  lcd_write_char                
00001551  lcd_write_doublebyte          
000015cd  lcd_write_string              
00001710  led_config_data               
00001649  led_enable                    
00000f21  led_init                      
00000c59  led_off                       
00000d0d  led_on                        
00000949  leds_off                      
000000c1  main                          
0000148d  motor0_init                   
000016c1  motor0_pwm_enable             
00000dc1  motor0_pwm_init               
000014f5  motor0_set_pwm_dc             
00001661  motor1_init                   
000016d1  motor1_pwm_enable             
00000e71  motor1_pwm_init               
00001679  motor1_set_pwm_count          
000014c1  msec_delay                    


GLOBAL SYMBOLS: SORTED BY Symbol Address 

address   name                          
-------   ----                          
00000000  __TI_ATRegion0_region_sz      
00000000  __TI_ATRegion0_src_addr       
00000000  __TI_ATRegion0_trg_addr       
00000000  __TI_ATRegion1_region_sz      
00000000  __TI_ATRegion1_src_addr       
00000000  __TI_ATRegion1_trg_addr       
00000000  __TI_ATRegion2_region_sz      
00000000  __TI_ATRegion2_src_addr       
00000000  __TI_ATRegion2_trg_addr       
00000000  __TI_static_base__            
00000000  interruptVectors              
000000c1  main                          
00000200  __STACK_SIZE                  
000002b5  __aeabi_dsub                  
000002b5  __subdf3                      
000002bf  __adddf3                      
000002bf  __aeabi_dadd                  
00000447  __aeabi_idiv0                 
00000449  clock_init_40mhz              
000005b1  __aeabi_ddiv                  
000005b1  __divdf3                      
000006bd  __aeabi_dmul                  
000006bd  __muldf3                      
000007a1  ADC0_init                     
00000800  __SYSMEM_SIZE                 
00000875  ADC1_init                     
00000949  leds_off                      
00000a19  lcd1602_init                  
00000add  lcd1602_write                 
00000b9d  I2C_init                      
00000c59  led_off                       
00000d0d  led_on                        
00000dc1  motor0_pwm_init               
00000e71  motor1_pwm_init               
00000f21  led_init                      
00000fcd  I2C_send1                     
00001061  byte_to_ascii                 
000010dd  doublebyte_to_ascii           
00001159  __TI_decompress_lzss          
000011d1  ADC0_in                       
00001239  ADC1_in                       
000012fd  OPA0_init                     
00001351  __aeabi_d2iz                  
00001351  __fixdfsi                     
0000139d  __aeabi_uidiv                 
0000139d  __aeabi_uidivmod              
000013dd  __TI_auto_init_nobinit_nopinit
00001419  __muldsi3                     
00001455  launchpad_gpio_init           
0000148d  motor0_init                   
000014c1  msec_delay                    
000014f5  motor0_set_pwm_dc             
00001525  __aeabi_i2d                   
00001525  __floatsidf                   
00001551  lcd_write_doublebyte          
0000157d  lcd_write_byte                
000015a5  _c_int00_noargs               
000015cd  lcd_write_string              
000015f1  lcd_set_ddram_addr            
00001611  lcd_set_display_on            
00001631  lcd_write_char                
00001649  led_enable                    
00001661  motor1_init                   
00001679  motor1_set_pwm_count          
0000168d  TI_memcpy_small               
0000169f  __TI_decompress_none          
000016b1  clock_delay                   
000016c1  motor0_pwm_enable             
000016d1  motor1_pwm_enable             
000016e1  lcd_clear                     
000016f1  __aeabi_memcpy                
000016f1  __aeabi_memcpy4               
000016f1  __aeabi_memcpy8               
000016f9  ADC0_IRQHandler               
000016f9  ADC1_IRQHandler               
000016f9  AES_IRQHandler                
000016f9  CANFD0_IRQHandler             
000016f9  DAC0_IRQHandler               
000016f9  DMA_IRQHandler                
000016f9  Default_Handler               
000016f9  GROUP0_IRQHandler             
000016f9  GROUP1_IRQHandler             
000016f9  I2C0_IRQHandler               
000016f9  I2C1_IRQHandler               
000016f9  NMI_Handler                   
000016f9  PendSV_Handler                
000016f9  RTC_IRQHandler                
000016f9  SPI0_IRQHandler               
000016f9  SPI1_IRQHandler               
000016f9  SVC_Handler                   
000016f9  SysTick_Handler               
000016f9  TIMA0_IRQHandler              
000016f9  TIMA1_IRQHandler              
000016f9  TIMG0_IRQHandler              
000016f9  TIMG12_IRQHandler             
000016f9  TIMG6_IRQHandler              
000016f9  TIMG7_IRQHandler              
000016f9  TIMG8_IRQHandler              
000016f9  UART0_IRQHandler              
000016f9  UART1_IRQHandler              
000016f9  UART2_IRQHandler              
000016f9  UART3_IRQHandler              
000016fd  HardFault_Handler             
00001701  Reset_Handler                 
00001705  _system_pre_init              
00001708  C$$EXIT                       
00001709  abort                         
00001710  led_config_data               
00001770  enable_controls               
000017ac  iic_config_data               
000017dc  __TI_Handler_Table_Base       
000017e4  __TI_CINIT_Base               
000017e4  __TI_Handler_Table_Limit      
000017ec  __TI_CINIT_Limit              
000017ec  __TI_CINIT_Warm               
20200000  __start___llvm_prf_bits       
20200000  __start___llvm_prf_cnts       
20200000  __stop___llvm_prf_bits        
20200000  __stop___llvm_prf_cnts        
20200000  _sys_memory                   
20200800  g_bus_clock_freq              
20207e00  __stack                       
20208000  __STACK_END                   
ffffffff  __TI_pprof_out_hndl           
ffffffff  __TI_prof_data_size           
ffffffff  __TI_prof_data_start          
ffffffff  __binit__                     
ffffffff  binit                         
UNDEFED   __mpu_init                    
UNDEFED   _system_post_cinit            

[130 symbols]
