******************************************************************************
            TI ARM Clang Linker PC v3.2.2                      
******************************************************************************
>> Linked Tue Dec  3 23:25:22 2024

OUTPUT FILE NAME:   <test.out>
ENTRY POINT SYMBOL: "_c_int00_noargs"  address: 00000e05


MEMORY CONFIGURATION

         name            origin    length      used     unused   attr    fill
----------------------  --------  ---------  --------  --------  ----  --------
  FLASH                 00000000   00020000  00000fa0  0001f060  R  X
  SRAM                  20200000   00008000  00000a05  000075fb  RW X
  BCR_CONFIG            41c00000   00000080  00000000  00000080  R   
  BSL_CONFIG            41c00100   00000080  00000000  00000080  R   


SEGMENT ALLOCATION MAP

run origin  load origin   length   init length attrs members
----------  ----------- ---------- ----------- ----- -------
00000000    00000000    00000fa0   00000fa0    r-x
  00000000    00000000    000000c0   000000c0    r-- .intvecs
  000000c0    000000c0    00000e60   00000e60    r-x .text
  00000f20    00000f20    00000060   00000060    r-- .rodata
  00000f80    00000f80    00000020   00000020    r-- .cinit
20200000    20200000    00000805   00000000    rw-
  20200000    20200000    00000800   00000000    rw- .sysmem
  20200800    20200800    00000005   00000000    rw- .data
20207e00    20207e00    00000200   00000000    rw-
  20207e00    20207e00    00000200   00000000    rw- .stack


SECTION ALLOCATION MAP

 output                                  attributes/
section   page    origin      length       input sections
--------  ----  ----------  ----------   ----------------
.intvecs   0    00000000    000000c0     
                  00000000    000000c0     startup_mspm0g3507_ticlang.o (.intvecs)

.text      0    000000c0    00000e60     
                  000000c0    0000019c     main.o (.text.main)
                  0000025c    00000168     clock.o (.text.clock_init_40mhz)
                  000003c4    000000e4     libclang_rt.builtins.a : muldf3.S.obj (.text.__muldf3)
                  000004a8    000000d4     adc.o (.text.ADC0_init)
                  0000057c    000000d4     main.o (.text.ADC1_init)
                  00000650    000000c4     lcd1602.o (.text.lcd1602_init)
                  00000714    000000c0     lcd1602.o (.text.lcd1602_write)
                  000007d4    000000bc     LaunchPad.o (.text.I2C_init)
                  00000890    00000094     LaunchPad.o (.text.I2C_send1)
                  00000924    0000007c     lcd1602.o (.text.byte_to_ascii)
                  000009a0    0000007c     lcd1602.o (.text.doublebyte_to_ascii)
                  00000a1c    00000078     libc.a : copy_decompress_lzss.c.obj (.text:decompress:lzss)
                  00000a94    00000068     adc.o (.text.ADC0_in)
                  00000afc    00000068     main.o (.text.ADC1_in)
                  00000b64    0000005c     LaunchPad.o (.text.I2C_fill_tx_fifo)
                  00000bc0    00000054     main.o (.text.OPA0_init)
                  00000c14    0000004a     libclang_rt.builtins.a : fixdfsi.S.obj (.text.__fixdfsi)
                  00000c5e    00000002                            : aeabi_div0.c.obj (.text.__aeabi_idiv0)
                  00000c60    00000040                            : aeabi_uidivmod.S.obj (.text.__aeabi_uidivmod)
                  00000ca0    0000003c     libc.a : autoinit.c.obj (.text:__TI_auto_init_nobinit_nopinit)
                  00000cdc    0000003a     libclang_rt.builtins.a : muldsi3.S.obj (.text.__muldsi3)
                  00000d16    00000002     --HOLE-- [fill = 0]
                  00000d18    00000038     LaunchPad.o (.text.launchpad_gpio_init)
                  00000d50    00000034     clock.o (.text.msec_delay)
                  00000d84    0000002c     libclang_rt.builtins.a : floatsidf.S.obj (.text.__floatsidf)
                  00000db0    0000002c     lcd1602.o (.text.lcd_write_doublebyte)
                  00000ddc    00000028     lcd1602.o (.text.lcd_write_byte)
                  00000e04    00000028     libc.a : boot_cortex_m.c.obj (.text:_c_int00_noargs)
                  00000e2c    00000024     lcd1602.o (.text.lcd_write_string)
                  00000e50    00000020     lcd1602.o (.text.lcd_set_ddram_addr)
                  00000e70    00000020     lcd1602.o (.text.lcd_set_display_on)
                  00000e90    00000018     lcd1602.o (.text.lcd_write_char)
                  00000ea8    00000018     LaunchPad.o (.text.led_disable)
                  00000ec0    00000012     libc.a : memcpy16.S.obj (.text:TI_memcpy_small)
                  00000ed2    00000012            : copy_decompress_none.c.obj (.text:decompress:none)
                  00000ee4    00000010     clock.o (.text.clock_delay)
                  00000ef4    0000000e     lcd1602.o (.text.lcd_clear)
                  00000f02    00000002     --HOLE-- [fill = 0]
                  00000f04    00000008     libclang_rt.builtins.a : aeabi_memcpy.S.obj (.text.__aeabi_memcpy)
                  00000f0c    00000004     startup_mspm0g3507_ticlang.o (.text.Default_Handler)
                  00000f10    00000004     startup_mspm0g3507_ticlang.o (.text.HardFault_Handler)
                  00000f14    00000004     startup_mspm0g3507_ticlang.o (.text.Reset_Handler)
                  00000f18    00000004     libc.a : pre_init.c.obj (.text._system_pre_init)
                  00000f1c    00000004            : exit.c.obj (.text:abort)

.cinit     0    00000f80    00000020     
                  00000f80    00000009     (.cinit..data.load) [load image, compression = lzss]
                  00000f89    00000003     --HOLE-- [fill = 0]
                  00000f8c    00000008     (__TI_handler_table)
                  00000f94    00000008     (__TI_cinit_table)
                  00000f9c    00000004     --HOLE-- [fill = 0]

.rodata    0    00000f20    00000060     
                  00000f20    0000003c     LaunchPad.o (.rodata.enable_controls)
                  00000f5c    00000018     LaunchPad.o (.rodata.iic_config_data)
                  00000f74    00000003     main.o (.rodata.str1.176328792963337784071)
                  00000f77    00000003     main.o (.rodata.str1.52501554851255701521)
                  00000f7a    00000003     main.o (.rodata.str1.97993385775340092391)
                  00000f7d    00000003     --HOLE-- [fill = 0]

.init_array 
*          0    00000000    00000000     UNINITIALIZED

.binit     0    00000000    00000000     

.data      0    20200800    00000005     UNINITIALIZED
                  20200800    00000004     clock.o (.data.g_bus_clock_freq)
                  20200804    00000001     lcd1602.o (.data.g_lcd_backlight_mode)

.sysmem    0    20200000    00000800     UNINITIALIZED
                  20200000    00000010     libc.a : memory.c.obj (.sysmem)
                  20200010    000007f0     --HOLE--

.stack     0    20207e00    00000200     UNINITIALIZED
                  20207e00    00000004     libc.a : boot_cortex_m.c.obj (.stack)
                  20207e04    000001fc     --HOLE--

__llvm_prf_cnts 
*          0    20200000    00000000     UNINITIALIZED

__llvm_prf_bits 
*          0    20200000    00000000     UNINITIALIZED

MODULE SUMMARY

       Module                         code   ro data   rw data
       ------                         ----   -------   -------
    .\
       lcd1602.o                      858    0         1      
       main.o                         812    9         0      
       LaunchPad.o                    508    84        0      
       clock.o                        428    0         4      
       adc.o                          316    0         0      
    +--+------------------------------+------+---------+---------+
       Total:                         2922   93        5      
                                                              
    .\ticlang\
       startup_mspm0g3507_ticlang.o   12     192       0      
    +--+------------------------------+------+---------+---------+
       Total:                         12     192       0      
                                                              
    C:\ti\ccstheia141\ccs\tools\compiler\ti-cgt-armllvm_3.2.2.LTS\lib\armv6m-ti-none-eabi/c/libc.a
       copy_decompress_lzss.c.obj     120    0         0      
       autoinit.c.obj                 60     0         0      
       boot_cortex_m.c.obj            40     0         0      
       copy_decompress_none.c.obj     18     0         0      
       memcpy16.S.obj                 18     0         0      
       exit.c.obj                     4      0         0      
       pre_init.c.obj                 4      0         0      
    +--+------------------------------+------+---------+---------+
       Total:                         264    0         0      
                                                              
    C:\ti\ccstheia141\ccs\tools\compiler\ti-cgt-armllvm_3.2.2.LTS\lib\clang/15.0.7/lib/armv6m-ti-none-eabi/libclang_rt.builtins.a
       muldf3.S.obj                   228    0         0      
       fixdfsi.S.obj                  74     0         0      
       aeabi_uidivmod.S.obj           64     0         0      
       muldsi3.S.obj                  58     0         0      
       floatsidf.S.obj                44     0         0      
       aeabi_memcpy.S.obj             8      0         0      
       aeabi_div0.c.obj               2      0         0      
    +--+------------------------------+------+---------+---------+
       Total:                         478    0         0      
                                                              
       Heap:                          0      0         2048   
       Stack:                         0      0         512    
       Linker Generated:              0      25        0      
    +--+------------------------------+------+---------+---------+
       Grand Total:                   3676   310       2565   


LINKER GENERATED COPY TABLES

__TI_cinit_table @ 00000f94 records: 1, size/record: 8, table size: 8
	.data: load addr=00000f80, load size=00000009 bytes, run addr=20200800, run size=00000005 bytes, compression=lzss


LINKER GENERATED HANDLER TABLE

__TI_handler_table @ 00000f8c records: 2, size/record: 4, table size: 8
	index: 0, handler: __TI_decompress_lzss
	index: 1, handler: __TI_decompress_none


GLOBAL SYMBOLS: SORTED ALPHABETICALLY BY Name 

address   name                          
-------   ----                          
00000f0d  ADC0_IRQHandler               
00000a95  ADC0_in                       
000004a9  ADC0_init                     
00000f0d  ADC1_IRQHandler               
00000afd  ADC1_in                       
0000057d  ADC1_init                     
00000f0d  AES_IRQHandler                
00000f1c  C$$EXIT                       
00000f0d  CANFD0_IRQHandler             
00000f0d  DAC0_IRQHandler               
00000f0d  DMA_IRQHandler                
00000f0d  Default_Handler               
00000f0d  GROUP0_IRQHandler             
00000f0d  GROUP1_IRQHandler             
00000f11  HardFault_Handler             
00000f0d  I2C0_IRQHandler               
00000f0d  I2C1_IRQHandler               
000007d5  I2C_init                      
00000891  I2C_send1                     
00000f0d  NMI_Handler                   
00000bc1  OPA0_init                     
00000f0d  PendSV_Handler                
00000f0d  RTC_IRQHandler                
00000f15  Reset_Handler                 
00000f0d  SPI0_IRQHandler               
00000f0d  SPI1_IRQHandler               
00000f0d  SVC_Handler                   
00000f0d  SysTick_Handler               
00000f0d  TIMA0_IRQHandler              
00000f0d  TIMA1_IRQHandler              
00000f0d  TIMG0_IRQHandler              
00000f0d  TIMG12_IRQHandler             
00000f0d  TIMG6_IRQHandler              
00000f0d  TIMG7_IRQHandler              
00000f0d  TIMG8_IRQHandler              
00000ec1  TI_memcpy_small               
00000f0d  UART0_IRQHandler              
00000f0d  UART1_IRQHandler              
00000f0d  UART2_IRQHandler              
00000f0d  UART3_IRQHandler              
20208000  __STACK_END                   
00000200  __STACK_SIZE                  
00000800  __SYSMEM_SIZE                 
00000000  __TI_ATRegion0_region_sz      
00000000  __TI_ATRegion0_src_addr       
00000000  __TI_ATRegion0_trg_addr       
00000000  __TI_ATRegion1_region_sz      
00000000  __TI_ATRegion1_src_addr       
00000000  __TI_ATRegion1_trg_addr       
00000000  __TI_ATRegion2_region_sz      
00000000  __TI_ATRegion2_src_addr       
00000000  __TI_ATRegion2_trg_addr       
00000f94  __TI_CINIT_Base               
00000f9c  __TI_CINIT_Limit              
00000f9c  __TI_CINIT_Warm               
00000f8c  __TI_Handler_Table_Base       
00000f94  __TI_Handler_Table_Limit      
00000ca1  __TI_auto_init_nobinit_nopinit
00000a1d  __TI_decompress_lzss          
00000ed3  __TI_decompress_none          
ffffffff  __TI_pprof_out_hndl           
ffffffff  __TI_prof_data_size           
ffffffff  __TI_prof_data_start          
00000000  __TI_static_base__            
00000c15  __aeabi_d2iz                  
000003c5  __aeabi_dmul                  
00000d85  __aeabi_i2d                   
00000c5f  __aeabi_idiv0                 
00000f05  __aeabi_memcpy                
00000f05  __aeabi_memcpy4               
00000f05  __aeabi_memcpy8               
00000c61  __aeabi_uidiv                 
00000c61  __aeabi_uidivmod              
ffffffff  __binit__                     
00000c15  __fixdfsi                     
00000d85  __floatsidf                   
UNDEFED   __mpu_init                    
000003c5  __muldf3                      
00000cdd  __muldsi3                     
20207e00  __stack                       
20200000  __start___llvm_prf_bits       
20200000  __start___llvm_prf_cnts       
20200000  __stop___llvm_prf_bits        
20200000  __stop___llvm_prf_cnts        
00000e05  _c_int00_noargs               
20200000  _sys_memory                   
UNDEFED   _system_post_cinit            
00000f19  _system_pre_init              
00000f1d  abort                         
ffffffff  binit                         
00000925  byte_to_ascii                 
00000ee5  clock_delay                   
0000025d  clock_init_40mhz              
000009a1  doublebyte_to_ascii           
00000f20  enable_controls               
20200800  g_bus_clock_freq              
00000f5c  iic_config_data               
00000000  interruptVectors              
00000d19  launchpad_gpio_init           
00000651  lcd1602_init                  
00000715  lcd1602_write                 
00000ef5  lcd_clear                     
00000e51  lcd_set_ddram_addr            
00000e71  lcd_set_display_on            
00000ddd  lcd_write_byte                
00000e91  lcd_write_char                
00000db1  lcd_write_doublebyte          
00000e2d  lcd_write_string              
00000ea9  led_disable                   
000000c1  main                          
00000d51  msec_delay                    


GLOBAL SYMBOLS: SORTED BY Symbol Address 

address   name                          
-------   ----                          
00000000  __TI_ATRegion0_region_sz      
00000000  __TI_ATRegion0_src_addr       
00000000  __TI_ATRegion0_trg_addr       
00000000  __TI_ATRegion1_region_sz      
00000000  __TI_ATRegion1_src_addr       
00000000  __TI_ATRegion1_trg_addr       
00000000  __TI_ATRegion2_region_sz      
00000000  __TI_ATRegion2_src_addr       
00000000  __TI_ATRegion2_trg_addr       
00000000  __TI_static_base__            
00000000  interruptVectors              
000000c1  main                          
00000200  __STACK_SIZE                  
0000025d  clock_init_40mhz              
000003c5  __aeabi_dmul                  
000003c5  __muldf3                      
000004a9  ADC0_init                     
0000057d  ADC1_init                     
00000651  lcd1602_init                  
00000715  lcd1602_write                 
000007d5  I2C_init                      
00000800  __SYSMEM_SIZE                 
00000891  I2C_send1                     
00000925  byte_to_ascii                 
000009a1  doublebyte_to_ascii           
00000a1d  __TI_decompress_lzss          
00000a95  ADC0_in                       
00000afd  ADC1_in                       
00000bc1  OPA0_init                     
00000c15  __aeabi_d2iz                  
00000c15  __fixdfsi                     
00000c5f  __aeabi_idiv0                 
00000c61  __aeabi_uidiv                 
00000c61  __aeabi_uidivmod              
00000ca1  __TI_auto_init_nobinit_nopinit
00000cdd  __muldsi3                     
00000d19  launchpad_gpio_init           
00000d51  msec_delay                    
00000d85  __aeabi_i2d                   
00000d85  __floatsidf                   
00000db1  lcd_write_doublebyte          
00000ddd  lcd_write_byte                
00000e05  _c_int00_noargs               
00000e2d  lcd_write_string              
00000e51  lcd_set_ddram_addr            
00000e71  lcd_set_display_on            
00000e91  lcd_write_char                
00000ea9  led_disable                   
00000ec1  TI_memcpy_small               
00000ed3  __TI_decompress_none          
00000ee5  clock_delay                   
00000ef5  lcd_clear                     
00000f05  __aeabi_memcpy                
00000f05  __aeabi_memcpy4               
00000f05  __aeabi_memcpy8               
00000f0d  ADC0_IRQHandler               
00000f0d  ADC1_IRQHandler               
00000f0d  AES_IRQHandler                
00000f0d  CANFD0_IRQHandler             
00000f0d  DAC0_IRQHandler               
00000f0d  DMA_IRQHandler                
00000f0d  Default_Handler               
00000f0d  GROUP0_IRQHandler             
00000f0d  GROUP1_IRQHandler             
00000f0d  I2C0_IRQHandler               
00000f0d  I2C1_IRQHandler               
00000f0d  NMI_Handler                   
00000f0d  PendSV_Handler                
00000f0d  RTC_IRQHandler                
00000f0d  SPI0_IRQHandler               
00000f0d  SPI1_IRQHandler               
00000f0d  SVC_Handler                   
00000f0d  SysTick_Handler               
00000f0d  TIMA0_IRQHandler              
00000f0d  TIMA1_IRQHandler              
00000f0d  TIMG0_IRQHandler              
00000f0d  TIMG12_IRQHandler             
00000f0d  TIMG6_IRQHandler              
00000f0d  TIMG7_IRQHandler              
00000f0d  TIMG8_IRQHandler              
00000f0d  UART0_IRQHandler              
00000f0d  UART1_IRQHandler              
00000f0d  UART2_IRQHandler              
00000f0d  UART3_IRQHandler              
00000f11  HardFault_Handler             
00000f15  Reset_Handler                 
00000f19  _system_pre_init              
00000f1c  C$$EXIT                       
00000f1d  abort                         
00000f20  enable_controls               
00000f5c  iic_config_data               
00000f8c  __TI_Handler_Table_Base       
00000f94  __TI_CINIT_Base               
00000f94  __TI_Handler_Table_Limit      
00000f9c  __TI_CINIT_Limit              
00000f9c  __TI_CINIT_Warm               
20200000  __start___llvm_prf_bits       
20200000  __start___llvm_prf_cnts       
20200000  __stop___llvm_prf_bits        
20200000  __stop___llvm_prf_cnts        
20200000  _sys_memory                   
20200800  g_bus_clock_freq              
20207e00  __stack                       
20208000  __STACK_END                   
ffffffff  __TI_pprof_out_hndl           
ffffffff  __TI_prof_data_size           
ffffffff  __TI_prof_data_start          
ffffffff  __binit__                     
ffffffff  binit                         
UNDEFED   __mpu_init                    
UNDEFED   _system_post_cinit            

[111 symbols]
